
[1m[46m RUN [49m[22m [36mv3.2.4 [39m[90mD:/Rajat/Projects/HealthCare/HealthCare[39m

node.exe : [90mstderr[2m | 
src/test/components.test.tsx
At line:1 char:1
+ & "C:\Program 
Files\nodejs/node.exe" "C:\Program 
Files\nodejs/node_mo ...
+ ~~~~~~~~~~~~~~~~~~~~~~~~~~~~~~~~~~~
~~~~~~~~~~~~~~~~~~~~~~~~~~~~~~~~~~
    + CategoryInfo          : NotSpe 
   cified: ([90mstderr[2m...onent  
  s.test.tsx:String) [], RemoteExc   
 eption
    + FullyQualifiedErrorId : Native 
   CommandError
 
[22m[39mFailed to load offline 
queue: DOMException [SecurityError]: 
Cannot initialize local storage 
without a `--localstorage-file` path
[90m    at Object.get [as 
localStorage] 
(node:internal/webstorage:28:17)[39m
[90m    at get localStorage 
(node:internal/util:660:20)[39m
    at OfflineQueueService.loadQueue 
[90m(D:\Rajat\Projects\HealthCare\He
althCare\[39msrc\services\offlineQue
ue.ts:33:22[90m)[39m
    at new OfflineQueueService [90m(
D:\Rajat\Projects\HealthCare\HealthCa
re\[39msrc\services\offlineQueue.ts:
24:10[90m)[39m
    at [90mD:\Rajat\Projects\HealthC
are\HealthCare\[39msrc\services\offl
ineQueue.ts:226:36
    at VitestExecutor.runModule [90m
(file:///D:/Rajat/Projects/HealthCare
/HealthCare/[39mnode_modules/[4mvit
e-node[24m/dist/client.mjs:397:10[9
0m)[39m
    at VitestExecutor.runModule [90m
(file:///D:/Rajat/Projects/HealthCare
/HealthCare/[39mnode_modules/[4mvit
est[24m/dist/chunks/execute.B7h3T_Hc
.js:667:57[90m)[39m
    at VitestExecutor.directRequest 
[90m(file:///D:/Rajat/Projects/Health
Care/HealthCare/[39mnode_modules/[4
mvite-node[24m/dist/client.mjs:375:1
4[90m)[39m
[90m    at 
processTicksAndRejections (node:inter
nal/process/task_queues:103:5)[39m
    at VitestExecutor.cachedRequest 
[90m(file:///D:/Rajat/Projects/Health
Care/HealthCare/[39mnode_modules/[4
mvite-node[24m/dist/client.mjs:189:1
1[90m)[39m

[90mstdout[2m | src/test/components.test.tsx[2m > [22m[2mComponent Integration Tests[2m > [22m[2mLogin Component[2m > [22m[2mshould handle form submission
[22m[39mSubmission failed (attempt 1/4). Retrying in 1000ms... TypeError: Cannot read properties of undefined (reading 'name')
    at onSubmit [90m(D:\Rajat\Projects\HealthCare\HealthCare\[39msrc\pages\Login.tsx:25:44[90m)[39m
    at [90mD:\Rajat\Projects\HealthCare\HealthCare\[39msrc\hooks\useEnhancedForm.ts:35:9
    at [90mD:\Rajat\Projects\HealthCare\HealthCare\[39msrc\hooks\useEnhancedForm.ts:92:9
    at handleSubmit [90m(D:\Rajat\Projects\HealthCare\HealthCare\[39msrc\pages\Login.tsx:60:5[90m)[39m

[90mstdout[2m | src/test/components.test.tsx[2m > [22m[2mComponent Integration Tests[2m > [22m[2mLogin Component[2m > [22m[2mshould handle login errors
[22m[39mSubmission failed (attempt 1/4). Retrying in 1000ms... TypeError: Cannot read properties of undefined (reading 'name')
    at onSubmit [90m(D:\Rajat\Projects\HealthCare\HealthCare\[39msrc\pages\Login.tsx:25:44[90m)[39m
    at [90mD:\Rajat\Projects\HealthCare\HealthCare\[39msrc\hooks\useEnhancedForm.ts:35:9
    at [90mD:\Rajat\Projects\HealthCare\HealthCare\[39msrc\hooks\useEnhancedForm.ts:92:9
    at handleSubmit [90m(D:\Rajat\Projects\HealthCare\HealthCare\[39msrc\pages\Login.tsx:60:5[90m)[39m

[90mstdout[2m | src/test/components.test.tsx[2m > [22m[2mComponent Integration Tests[2m > [22m[2mLogin Component[2m > [22m[2mshould handle login errors
[22m[39mSubmission failed (attempt 2/4). Retrying in 2000ms... TypeError: Cannot read properties of undefined (reading 'name')
    at onSubmit [90m(D:\Rajat\Projects\HealthCare\HealthCare\[39msrc\pages\Login.tsx:25:44[90m)[39m
    at [90mD:\Rajat\Projects\HealthCare\HealthCare\[39msrc\hooks\useEnhancedForm.ts:35:9
    at [90mD:\Rajat\Projects\HealthCare\HealthCare\[39msrc\hooks\useEnhancedForm.ts:92:9
    at handleSubmit [90m(D:\Rajat\Projects\HealthCare\HealthCare\[39msrc\pages\Login.tsx:60:5[90m)[39m

[90mstdout[2m | src/test/components.test.tsx[2m > [22m[2mComponent Integration Tests[2m > [22m[2mLogin Component[2m > [22m[2mshould handle login errors
[22m[39mSubmission failed (attempt 2/4). Retrying in 2000ms... TypeError: Cannot read properties of undefined (reading 'name')
    at onSubmit [90m(D:\Rajat\Projects\HealthCare\HealthCare\[39msrc\pages\Login.tsx:25:44[90m)[39m
    at [90mD:\Rajat\Projects\HealthCare\HealthCare\[39msrc\hooks\useEnhancedForm.ts:35:9
    at [90mD:\Rajat\Projects\HealthCare\HealthCare\[39msrc\hooks\useEnhancedForm.ts:92:9
    at handleSubmit [90m(D:\Rajat\Projects\HealthCare\HealthCare\[39msrc\pages\Login.tsx:60:5[90m)[39m

[90mstdout[2m | src/test/components.test.tsx[2m > [22m[2mComponent Integration Tests[2m > [22m[2mRegister Component[2m > [22m[2mshould allow filling out registration form
[22m[39mSubmission failed (attempt 3/4). Retrying in 4000ms... TypeError: Cannot read properties of undefined (reading 'name')
    at onSubmit [90m(D:\Rajat\Projects\HealthCare\HealthCare\[39msrc\pages\Login.tsx:25:44[90m)[39m
    at [90mD:\Rajat\Projects\HealthCare\HealthCare\[39msrc\hooks\useEnhancedForm.ts:35:9
    at [90mD:\Rajat\Projects\HealthCare\HealthCare\[39msrc\hooks\useEnhancedForm.ts:92:9
    at handleSubmit [90m(D:\Rajat\Projects\HealthCare\HealthCare\[39msrc\pages\Login.tsx:60:5[90m)[39m

[90mstderr[2m | 
src/test/components.test.tsx[2m > 
[22m[2mComponent Integration 
Tests[2m > [22m[2mMedications 
Component[2m > [22m[2mshould 
allow adding new medication
[22m[39mNot implemented: Window's 
scrollTo() method
Not implemented: Window's scrollTo() 
method
Not implemented: Window's scrollTo() 
method
Not implemented: Window's scrollTo() 
method

[90mstderr[2m | 
src/test/components.test.tsx[2m > 
[22m[2mComponent Integration 
Tests[2m > [22m[2mMedications 
Component[2m > [22m[2mshould 
handle adding new medication
[22m[39mNot implemented: Window's 
scrollTo() method
Not implemented: Window's scrollTo() 
method
Not implemented: Window's scrollTo() 
method
Not implemented: Window's scrollTo() 
method

[90mstdout[2m | src/test/components.test.tsx[2m > [22m[2mComponent Integration Tests[2m > [22m[2mMedications Component[2m > [22m[2mshould show empty state when no medications
[22m[39mSubmission failed (attempt 3/4). Retrying in 4000ms... TypeError: Cannot read properties of undefined (reading 'name')
    at onSubmit [90m(D:\Rajat\Projects\HealthCare\HealthCare\[39msrc\pages\Login.tsx:25:44[90m)[39m
    at [90mD:\Rajat\Projects\HealthCare\HealthCare\[39msrc\hooks\useEnhancedForm.ts:35:9
    at [90mD:\Rajat\Projects\HealthCare\HealthCare\[39msrc\hooks\useEnhancedForm.ts:92:9
    at handleSubmit [90m(D:\Rajat\Projects\HealthCare\HealthCare\[39msrc\pages\Login.tsx:60:5[90m)[39m

[90mstdout[2m | src/test/components.test.tsx[2m > [22m[2mComponent Integration Tests[2m > [22m[2mError Handling[2m > [22m[2mshould handle authentication errors gracefully
[22m[39mSubmission failed (attempt 1/4). Retrying in 1000ms... Error: Submission failed
    at [90mD:\Rajat\Projects\HealthCare\HealthCare\[39msrc\hooks\useEnhancedForm.ts:45:52
    at [90mD:\Rajat\Projects\HealthCare\HealthCare\[39msrc\hooks\useEnhancedForm.ts:92:9
    at handleSubmit [90m(D:\Rajat\Projects\HealthCare\HealthCare\[39msrc\pages\Login.tsx:60:5[90m)[39m

[90mstdout[2m | src/test/components.test.tsx[2m > [22m[2mComponent Integration Tests[2m > [22m[2mError Handling[2m > [22m[2mshould handle authentication errors gracefully
[22m[39mSubmission failed (attempt 2/4). Retrying in 2000ms... Error: Submission failed
    at [90mD:\Rajat\Projects\HealthCare\HealthCare\[39msrc\hooks\useEnhancedForm.ts:45:52
    at [90mD:\Rajat\Projects\HealthCare\HealthCare\[39msrc\hooks\useEnhancedForm.ts:92:9
    at handleSubmit [90m(D:\Rajat\Projects\HealthCare\HealthCare\[39msrc\pages\Login.tsx:60:5[90m)[39m

 [31mΓ¥»[39m src/test/components.test.tsx [2m([22m[2m24 tests[22m[2m | [22m[31m4 failed[39m[2m)[22m[33m 8064[2mms[22m[39m
   [32mΓ£ô[39m Component Integration Tests[2m > [22mLogin Component[2m > [22mshould render login form correctly[32m 214[2mms[22m[39m
[31m   [31m├ù[31m Component Integration Tests[2m > [22mLogin Component[2m > [22mshould show demo credentials[39m[32m 18[2mms[22m[39m
[31m     ΓåÆ Unable to find an element with the text: /demo credentials/i. This could be because the text is broken up by multiple elements. In this case, you can provide a function for your text matcher to make your matcher more flexible.

Ignored nodes: comments, script, style
[36m<body>[31m
  [36m<div>[31m
    [36m<div[31m
      [33mclass[31m=[32m"min-h-[calc(100vh-120px)] flex items-center justify-center py-12 px-4 sm:px-6 lg:px-8"[31m
    [36m>[31m
      [36m<div[31m
        [33mclass[31m=[32m"max-w-md w-full space-y-8"[31m
      [36m>[31m
        [36m<div>[31m
          [36m<div[31m
            [33mclass[31m=[32m"flex justify-center"[31m
          [36m>[31m
            [36m<svg[31m
              [33mclass[31m=[32m"lucide lucide-heart h-12 w-12 text-blue-600"[31m
              [33mfill[31m=[32m"none"[31m
              [33mheight[31m=[32m"24"[31m
              [33mstroke[31m=[32m"currentColor"[31m
              [33mstroke-linecap[31m=[32m"round"[31m
              [33mstroke-linejoin[31m=[32m"round"[31m
              [33mstroke-width[31m=[32m"2"[31m
              [33mviewBox[31m=[32m"0 0 24 24"[31m
              [33mwidth[31m=[32m"24"[31m
              [33mxmlns[31m=[32m"http://www.w3.org/2000/svg"[31m
            [36m>[31m
              [36m<path[31m
                [33md[31m=[32m"M19 14c1.49-1.46 3-3.21 3-5.5A5.5 5.5 0 0 0 16.5 3c-1.76 0-3 .5-4.5 2-1.5-1.5-2.74-2-4.5-2A5.5 5.5 0 0 0 2 8.5c0 2.3 1.5 4.05 3 5.5l7 7Z"[31m
              [36m/>[31m
            [36m</svg>[31m
          [36m</div>[31m
          [36m<h2[31m
            [33mclass[31m=[32m"mt-6 text-center text-3xl font-extrabold text-gray-900"[31m
          [36m>[31m
            [0mSign in to your account[0m
          [36m</h2>[31m
          [36m<p[31m
            [33mclass[31m=[32m"mt-2 text-center text-sm text-gray-600"[31m
          [36m>[31m
            [0mOr[0m
            [0m [0m
            [36m<a[31m
              [33mclass[31m=[32m"font-medium text-blue-600 hover:text-blue-500 transition-colors"[31m
              [33mdata-discover[31m=[32m"true"[31m
              [33mhref[31m=[32m"/register"[31m
            [36m>[31m
              [0mcreate a new account[0m
            [36m</a>[31m
          [36m</p>[31m
        [36m</div>[31m
        [36m<div[31m
          [33mclass[31m=[32m"bg-white rounded-xl shadow-md border border-gray-200 p-8"[31m
        [36m>[31m
          [36m<form[31m
            [33mclass[31m=[32m"space-y-6"[31m
          [36m>[31m
            [36m<div>[31m
              [36m<label[31m
                [33mclass[31m=[32m"block text-sm font-medium text-gray-700 mb-2"[31m
                [33mfor[31m=[32m"email"[31m
              [36m>[31m
                [0mEmail Address[0m
              [36m</label>[31m
              [36m<div[31m
                [33mclass[31m=[32m"relative"[31m
              [36m>[31m
                [36m<svg[31m
                  [33mclass[31m=[32m"lucide lucide-mail absolute left-3 top-1/2 transform -translate-y-1/2 h-5 w-5 text-gray-400"[31m
                  [33mfill[31m=[32m"none"[31m
                  [33mheight[31m=[32m"24"[31m
                  [33mstroke[31m=[32m"currentColor"[31m
                  [33mstroke-linecap[31m=[32m"round"[31m
                  [33mstroke-linejoin[31m=[32m"round"[31m
                  [33mstroke-width[31m=[32m"2"[31m
                  [33mviewBox[31m=[32m"0 0 24 24"[31m
                  [33mwidth[31m=[32m"24"[31m
                  [33mxmlns[31m=[32m"http://www.w3.org/2000/svg"[31m
                [36m>[31m
                  [36m<rect[31m
                    [33mheight[31m=[32m"16"[31m
                    [33mrx[31m=[32m"2"[31m
                    [33mwidth[31m=[32m"20"[31m
                    [33mx[31m=[32m"2"[31m
                    [33my[31m=[32m"4"[31m
                  [36m/>[31m
                  [36m<path[31m
                    [33md[31m=[32m"m22 7-8.97 5.7a1.94 1.94 0 0 1-2.06 0L2 7"[31m
                  [36m/>[31m
                [36m</svg>[31m
                [36m<input[31m
                  [33mautocomplete[31m=[32m"email"[31m
                  [33mclass[31m=[32m"pl-10 block w-full rounded-lg border border-gray-300 focus:ring-blue-500 px-3 py-3 placeholder-gray-400 focus:outline-none focus:ring-2 focus:border-transparent"[31m
                  [33mid[31m=[32m"email"[31m
                  [33mname[31m=[32m"email"[31m
                  [33mplaceholder[31m=[32m"Enter your email"[31m
                  [33mtype[31m=[32m"email"[31m
                  [33mvalue[31m=[32m""[31m
                [36m/>[31m
              [36m</div>[31m
            [36m</div>[31m
            [36m<div>[31m
              [36m<label[31m
                [33mclass[31m=[32m"block text-sm font-medium text-gray-700 mb-2"[31m
                [33mfor[31m=[32m"password"[31m
              [36m>[31m
                [0mPassword[0m
              [36m</label>[31m
              [36m<div[31m
                [33mclass[31m=[32m"relative"[31m
              [36m>[31m
                [36m<svg[31m
                  [33mclass[31m=[32m"lucide lucide-lock absolute left-3 top-1/2 transform -translate-y-1/2 h-5 w-5 text-gray-400"[31m
                  [33mfill[31m=[32m"none"[31m
                  [33mheight[31m=[32m"24"[31m
                  [33mstroke[31m=[32m"currentColor"[31m
                  [33mstroke-linecap[31m=[32m"round"[31m
                  [33mstroke-linejoin[31m=[32m"round"[31m
                  [33mstroke-width[31m=[32m"2"[31m
                  [33mviewBox[31m=[32m"0 0 24 24"[31m
                  [33mwidth[31m=[32m"24"[31m
                  [33mxmlns[31m=[32m"http://www.w3.org/2000/svg"[31m
                [36m>[31m
                  [36m<rect[31m
                    [33mheight[31m=[32m"11"[31m
                    [33mrx[31m=[32m"2"[31m
                    [33mry[31m=[32m"2"[31m
                    [33mwidth[31m=[32m"18"[31m
                    [33mx[31m=[32m"3"[31m
                    [33my[31m=[32m"11"[31m
                  [36m/>[31m
                  [36m<path[31m
                    [33md[31m=[32m"M7 11V7a5 5 0 0 1 10 0v4"[31m
                  [36m/>[31m
                [36m</svg>[31m
                [36m<input[31m
                  [33mautocomplete[31m=[32m"current-password"[31m
                  [33mclass[31m=[32m"pl-10 pr-10 block w-full rounded-lg border border-gray-300 focus:ring-blue-500 px-3 py-3 placeholder-gray-400 focus:outline-none focus:ring-2 focus:border-transparent"[31m
                  [33mid[31m=[32m"password"[31m
                  [33mname[31m=[32m"password"[31m
                  [33mplaceholder[31m=[32m"Enter your password"[31m
                  [33mtype[31m=[32m"password"[31m
                  [33mvalue[31m=[32m""[31m
                [36m/>[31m
                [36m<button[31m
                  [33mclass[31m=[32m"absolute right-3 top-1/2 transform -translate-y-1/2 text-gray-400 hover:text-gray-600"[31m
                  [33mtype[31m=[32m"button"[31m
                [36m>[31m
                  [36m<svg[31m
                    [33mclass[31m=[32m"lucide lucide-eye h-5 w-5"[31m
                    [33mfill[31m=[32m"none"[31m
                    [33mheight[31m=[32m"24"[31m
                    [33mstroke[31m=[32m"currentColor"[31m
                    [33mstroke-linecap[31m=[32m"round"[31m
                    [33mstroke-linejoin[31m=[32m"round"[31m
                    [33mstroke-width[31m=[32m"2"[31m
                    [33mviewBox[31m=[32m"0 0 24 24"[31m
                    [33mwidth[31m=[32m"24"[31m
                    [33mxmlns[31m=[32m"http://www.w3.org/2000/svg"[31m
                  [36m>[31m
                    [36m<path[31m
                      [33md[31m=[32m"M2 12s3-7 10-7 10 7 10 7-3 7-10 7-10-7-10-7Z"[31m
                    [36m/>[31m
                    [36m<circle[31m
                      [33mcx[31m=[32m"12"[31m
                      [33mcy[31m=[32m"12"[31m
                      [33mr[31m=[32m"3"[31m
                    [36m/>[31m
                  [36m</svg>[31m
                [36m</button>[31m
              [36m</div>[31m
            [36m</div>[31m
            [36m<div[31m
              [33mclass[31m=[32m"flex items-center justify-between"[31m
            [36m>[31m
              [36m<div[31m
                [33mclass[31m=[32m"flex items-center"[31m
              [36m>[31m
                [36m<input[31m
                  [33mclass[31m=[32m"h-4 w-4 text-blue-600 focus:ring-blue-500 border-gray-300 rounded"[31m
                  [33mid[31m=[32m"remember-me"[31m
                  [33mname[31m=[32m"remember-me"[31m
                  [33mtype[31m=[32m"checkbox"[31m
                [36m/>[31m
                [36m<label[31m
                  [33mclass[31m=[32m"ml-2 block text-sm text-gray-700"[31m
                  [33mfor[31m=[32m"remember-me"[31m
                [36m>[31m
                  [0mRemember me[0m
                [36m</label>[31m
              [36m</div>[31m
              [36m<div[31m
                [33mclass[31m=[32m"text-sm"[31m
              [36m>[31m
                [36m<a[31m
                  [33mclass[31m=[32m"font-medium text-blue-600 hover:text-blue-500 transition-colors"[31m
                  [33mhref[31m=[32m"#"[31m
                [36m>[31m
                  [0mForgot your password?[0m
                [36m</a>[31m
              [36m</div>[31m
            [36m</div>[31m
            [36m<button[31m
              [33mclass[31m=[32m"group relative w-full flex justify-center py-3 px-4 border border-transparent text-sm font-medium rounded-lg text-white bg-blue-600 hover:bg-blue-700 focus:outline-none focus:ring-2 focus:ring-offset-2 focus:ring-blue-500 disabled:opacity-50 disabled:cursor-not-allowed transition-colors"[31m
              [33mtype[31m=[32m"submit"[31m
            [36m>[31m
              [0mSign in[0m
            [36m</button>[31m
          [36m</form>[31m
        [36m</div>[31m
      [36m</div>[31m
    [36m</div>[31m
    [36m<div[31m
      [33mclass[31m=[32m"fixed top-20 right-4 z-50 space-y-2"[31m
    [36m/>[31m
  [36m</div>[31m
[36m</body>[31m[39m
   [32mΓ£ô[39m Component Integration Tests[2m > [22mLogin Component[2m > [22mshould validate form fields[32m 141[2mms[22m[39m
   [33m[2mΓ£ô[22m[39m Component Integration Tests[2m > [22mLogin Component[2m > [22mshould handle invalid email input [33m 500[2mms[22m[39m
   [33m[2mΓ£ô[22m[39m Component Integration Tests[2m > [22mLogin Component[2m > [22mshould handle form submission [33m 764[2mms[22m[39m
[31m   [31m├ù[31m Component Integration Tests[2m > [22mLogin Component[2m > [22mshould handle login errors[39m[33m 1776[2mms[22m[39m
[31m     ΓåÆ Unable to find an element with the text: /invalid email or password/i. This could be because the text is broken up by multiple elements. In this case, you can provide a function for your text matcher to make your matcher more flexible.

Ignored nodes: comments, script, style
[36m<body>[31m
  [36m<div>[31m
    [36m<div[31m
      [33mclass[31m=[32m"min-h-[calc(100vh-120px)] flex items-center justify-center py-12 px-4 sm:px-6 lg:px-8"[31m
    [36m>[31m
      [36m<div[31m
        [33mclass[31m=[32m"max-w-md w-full space-y-8"[31m
      [36m>[31m
        [36m<div>[31m
          [36m<div[31m
            [33mclass[31m=[32m"flex justify-center"[31m
          [36m>[31m
            [36m<svg[31m
              [33mclass[31m=[32m"lucide lucide-heart h-12 w-12 text-blue-600"[31m
              [33mfill[31m=[32m"none"[31m
              [33mheight[31m=[32m"24"[31m
              [33mstroke[31m=[32m"currentColor"[31m
              [33mstroke-linecap[31m=[32m"round"[31m
              [33mstroke-linejoin[31m=[32m"round"[31m
              [33mstroke-width[31m=[32m"2"[31m
              [33mviewBox[31m=[32m"0 0 24 24"[31m
              [33mwidth[31m=[32m"24"[31m
              [33mxmlns[31m=[32m"http://www.w3.org/2000/svg"[31m
            [36m>[31m
              [36m<path[31m
                [33md[31m=[32m"M19 14c1.49-1.46 3-3.21 3-5.5A5.5 5.5 0 0 0 16.5 3c-1.76 0-3 .5-4.5 2-1.5-1.5-2.74-2-4.5-2A5.5 5.5 0 0 0 2 8.5c0 2.3 1.5 4.05 3 5.5l7 7Z"[31m
              [36m/>[31m
            [36m</svg>[31m
          [36m</div>[31m
          [36m<h2[31m
            [33mclass[31m=[32m"mt-6 text-center text-3xl font-extrabold text-gray-900"[31m
          [36m>[31m
            [0mSign in to your account[0m
          [36m</h2>[31m
          [36m<p[31m
            [33mclass[31m=[32m"mt-2 text-center text-sm text-gray-600"[31m
          [36m>[31m
            [0mOr[0m
            [0m [0m
            [36m<a[31m
              [33mclass[31m=[32m"font-medium text-blue-600 hover:text-blue-500 transition-colors"[31m
              [33mdata-discover[31m=[32m"true"[31m
              [33mhref[31m=[32m"/register"[31m
            [36m>[31m
              [0mcreate a new account[0m
            [36m</a>[31m
          [36m</p>[31m
        [36m</div>[31m
        [36m<div[31m
          [33mclass[31m=[32m"bg-white rounded-xl shadow-md border border-gray-200 p-8"[31m
        [36m>[31m
          [36m<form[31m
            [33mclass[31m=[32m"space-y-6"[31m
          [36m>[31m
            [36m<div>[31m
              [36m<label[31m
                [33mclass[31m=[32m"block text-sm font-medium text-gray-700 mb-2"[31m
                [33mfor[31m=[32m"email"[31m
              [36m>[31m
                [0mEmail Address[0m
              [36m</label>[31m
              [36m<div[31m
                [33mclass[31m=[32m"relative"[31m
              [36m>[31m
                [36m<svg[31m
                  [33mclass[31m=[32m"lucide lucide-mail absolute left-3 top-1/2 transform -translate-y-1/2 h-5 w-5 text-gray-400"[31m
                  [33mfill[31m=[32m"none"[31m
                  [33mheight[31m=[32m"24"[31m
                  [33mstroke[31m=[32m"currentColor"[31m
                  [33mstroke-linecap[31m=[32m"round"[31m
                  [33mstroke-linejoin[31m=[32m"round"[31m
                  [33mstroke-width[31m=[32m"2"[31m
                  [33mviewBox[31m=[32m"0 0 24 24"[31m
                  [33mwidth[31m=[32m"24"[31m
                  [33mxmlns[31m=[32m"http://www.w3.org/2000/svg"[31m
                [36m>[31m
                  [36m<rect[31m
                    [33mheight[31m=[32m"16"[31m
                    [33mrx[31m=[32m"2"[31m
                    [33mwidth[31m=[32m"20"[31m
                    [33mx[31m=[32m"2"[31m
                    [33my[31m=[32m"4"[31m
                  [36m/>[31m
                  [36m<path[31m
                    [33md[31m=[32m"m22 7-8.97 5.7a1.94 1.94 0 0 1-2.06 0L2 7"[31m
                  [36m/>[31m
                [36m</svg>[31m
                [36m<input[31m
                  [33mautocomplete[31m=[32m"email"[31m
                  [33mclass[31m=[32m"pl-10 block w-full rounded-lg border border-gray-300 focus:ring-blue-500 px-3 py-3 placeholder-gray-400 focus:outline-none focus:ring-2 focus:border-transparent"[31m
                  [33mid[31m=[32m"email"[31m
                  [33mname[31m=[32m"email"[31m
                  [33mplaceholder[31m=[32m"Enter your email"[31m
                  [33mtype[31m=[32m"email"[31m
                  [33mvalue[31m=[32m"nonexistent@test.com"[31m
                [36m/>[31m
              [36m</div>[31m
            [36m</div>[31m
            [36m<div>[31m
              [36m<label[31m
                [33mclass[31m=[32m"block text-sm font-medium text-gray-700 mb-2"[31m
                [33mfor[31m=[32m"password"[31m
              [36m>[31m
                [0mPassword[0m
              [36m</label>[31m
              [36m<div[31m
                [33mclass[31m=[32m"relative"[31m
              [36m>[31m
                [36m<svg[31m
                  [33mclass[31m=[32m"lucide lucide-lock absolute left-3 top-1/2 transform -translate-y-1/2 h-5 w-5 text-gray-400"[31m
                  [33mfill[31m=[32m"none"[31m
                  [33mheight[31m=[32m"24"[31m
                  [33mstroke[31m=[32m"currentColor"[31m
                  [33mstroke-linecap[31m=[32m"round"[31m
                  [33mstroke-linejoin[31m=[32m"round"[31m
                  [33mstroke-width[31m=[32m"2"[31m
                  [33mviewBox[31m=[32m"0 0 24 24"[31m
                  [33mwidth[31m=[32m"24"[31m
                  [33mxmlns[31m=[32m"http://www.w3.org/2000/svg"[31m
                [36m>[31m
                  [36m<rect[31m
                    [33mheight[31m=[32m"11"[31m
                    [33mrx[31m=[32m"2"[31m
                    [33mry[31m=[32m"2"[31m
                    [33mwidth[31m=[32m"18"[31m
                    [33mx[31m=[32m"3"[31m
                    [33my[31m=[32m"11"[31m
                  [36m/>[31m
                  [36m<path[31m
                    [33md[31m=[32m"M7 11V7a5 5 0 0 1 10 0v4"[31m
                  [36m/>[31m
                [36m</svg>[31m
                [36m<input[31m
                  [33mautocomplete[31m=[32m"current-password"[31m
                  [33mclass[31m=[32m"pl-10 pr-10 block w-full rounded-lg border border-gray-300 focus:ring-blue-500 px-3 py-3 placeholder-gray-400 focus:outline-none focus:ring-2 focus:border-transparent"[31m
                  [33mid[31m=[32m"password"[31m
                  [33mname[31m=[32m"password"[31m
                  [33mplaceholder[31m=[32m"Enter your password"[31m
                  [33mtype[31m=[32m"password"[31m
                  [33mvalue[31m=[32m"wrongpassword"[31m
                [36m/>[31m
                [36m<button[31m
                  [33mclass[31m=[32m"absolute right-3 top-1/2 transform -translate-y-1/2 text-gray-400 hover:text-gray-600"[31m
                  [33mtype[31m=[32m"button"[31m
                [36m>[31m
                  [36m<svg[31m
                    [33mclass[31m=[32m"lucide lucide-eye h-5 w-5"[31m
                    [33mfill[31m=[32m"none"[31m
                    [33mheight[31m=[32m"24"[31m
                    [33mstroke[31m=[32m"currentColor"[31m
                    [33mstroke-linecap[31m=[32m"round"[31m
                    [33mstroke-linejoin[31m=[32m"round"[31m
                    [33mstroke-width[31m=[32m"2"[31m
                    [33mviewBox[31m=[32m"0 0 24 24"[31m
                    [33mwidth[31m=[32m"24"[31m
                    [33mxmlns[31m=[32m"http://www.w3.org/2000/svg"[31m
                  [36m>[31m
                    [36m<path[31m
                      [33md[31m=[32m"M2 12s3-7 10-7 10 7 10 7-3 7-10 7-10-7-10-7Z"[31m
                    [36m/>[31m
                    [36m<circle[31m
                      [33mcx[31m=[32m"12"[31m
                      [33mcy[31m=[32m"12"[31m
                      [33mr[31m=[32m"3"[31m
                    [36m/>[31m
                  [36m</svg>[31m
                [36m</button>[31m
              [36m</div>[31m
            [36m</div>[31m
            [36m<div[31m
              [33mclass[31m=[32m"flex items-center justify-between"[31m
            [36m>[31m
              [36m<div[31m
                [33mclass[31m=[32m"flex items-center"[31m
              [36m>[31m
                [36m<input[31m
                  [33mclass[31m=[32m"h-4 w-4 text-blue-600 focus:ring-blue-500 border-gray-300 rounded"[31m
                  [33mid[31m=[32m"remember-me"[31m
                  [33mname[31m=[32m"remember-me"[31m
                  [33mtype[31m=[32m"checkbox"[31m
                [36m/>[31m
                [36m<label[31m
                  [33mclass[31m=[32m"ml-2 block text-sm text-gray-700"[31m
                  [33mfor[31m=[32m"remember-me"[31m
                [36m>[31m
                  [0mRemember me[0m
                [36m</label>[31m
              [36m</div>[31m
              [36m<div[31m
                [33mclass[31m=[32m"text-sm"[31m
              [36m>[31m
                [36m<a[31m
                  [33mclass[31m=[32m"font-medium text-blue-600 hover:text-blue-500 transition-colors"[31m
                  [33mhref[31m=[32m"#"[31m
                [36m>[31m
                  [0mForgot your password?[0m
                [36m</a>[31m
              [36m</div>[31m
            [36m</div>[31m
            [36m<button[31m
              [33mclass[31m=[32m"group relative w-full flex justify-center py-3 px-4 border border-transparent text-sm font-medium rounded-lg text-white bg-blue-600 hover:bg-blue-700 focus:outline-none focus:ring-2 focus:ring-offset-2 focus:ring-blue-500 disabled:opacity-50 disabled:cursor-not-allowed transition-colors"[31m
              [33mdisabled[31m=[32m""[31m
              [33mtype[31m=[32m"submit"[31m
            [36m>[31m
              [36m<div[31m
                [33mclass[31m=[32m"flex items-center space-x-2"[31m
              [36m>[31m
                [36m<div[31m
                  [33mclass[31m=[32m"animate-spin rounded-full h-4 w-4 border-b-2 border-white"[31m
                [36m/>[31m
                [36m<span>[31m
                  [0mSigning in...[0m
                [36m</span>[31m
              [36m</div>[31m
            [36m</button>[31m
          [36m</form>[31m
        [36m</div>[31m
      [36m</div>[31m
    [36m</div>[31m
    [36m<div[31m
      [33mclass[31m=[32m"fixed top-20 right-4 z-50 space-y-2"[31m
    [36m/>[31m
  [36m</div>[31m
[36m</body>[31m

Ignored nodes: comments, script, style
[36m<html>[31m
  [36m<head />[31m
  [36m<body>[31m
    [36m<div>[31m
      [36m<div[31m
        [33mclass[31m=[32m"min-h-[calc(100vh-120px)] flex items-center justify-center py-12 px-4 sm:px-6 lg:px-8"[31m
      [36m>[31m
        [36m<div[31m
          [33mclass[31m=[32m"max-w-md w-full space-y-8"[31m
        [36m>[31m
          [36m<div>[31m
            [36m<div[31m
              [33mclass[31m=[32m"flex justify-center"[31m
            [36m>[31m
              [36m<svg[31m
                [33mclass[31m=[32m"lucide lucide-heart h-12 w-12 text-blue-600"[31m
                [33mfill[31m=[32m"none"[31m
                [33mheight[31m=[32m"24"[31m
                [33mstroke[31m=[32m"currentColor"[31m
                [33mstroke-linecap[31m=[32m"round"[31m
                [33mstroke-linejoin[31m=[32m"round"[31m
                [33mstroke-width[31m=[32m"2"[31m
                [33mviewBox[31m=[32m"0 0 24 24"[31m
                [33mwidth[31m=[32m"24"[31m
                [33mxmlns[31m=[32m"http://www.w3.org/2000/svg"[31m
              [36m>[31m
                [36m<path[31m
                  [33md[31m=[32m"M19 14c1.49-1.46 3-3.21 3-5.5A5.5 5.5 0 0 0 16.5 3c-1.76 0-3 .5-4.5 2-1.5-1.5-2.74-2-4.5-2A5.5 5.5 0 0 0 2 8.5c0 2.3 1.5 4.05 3 5.5l7 7Z"[31m
                [36m/>[31m
              [36m</svg>[31m
            [36m</div>[31m
            [36m<h2[31m
              [33mclass[31m=[32m"mt-6 text-center text-3xl font-extrabold text-gray-900"[31m
            [36m>[31m
              [0mSign in to your account[0m
            [36m</h2>[31m
            [36m<p[31m
              [33mclass[31m=[32m"mt-2 text-center text-sm text-gray-600"[31m
            [36m>[31m
              [0mOr[0m
              [0m [0m
              [36m<a[31m
                [33mclass[31m=[32m"font-medium text-blue-600 hover:text-blue-500 transition-colors"[31m
                [33mdata-discover[31m=[32m"true"[31m
                [33mhref[31m=[32m"/register"[31m
              [36m>[31m
                [0mcreate a new account[0m
              [36m</a>[31m
            [36m</p>[31m
          [36m</div>[31m
          [36m<div[31m
            [33mclass[31m=[32m"bg-white rounded-xl shadow-md border border-gray-200 p-8"[31m
          [36m>[31m
            [36m<form[31m
              [33mclass[31m=[32m"space-y-6"[31m
            [36m>[31m
              [36m<div>[31m
                [36m<label[31m
                  [33mclass[31m=[32m"block text-sm font-medium text-gray-700 mb-2"[31m
                  [33mfor[31m=[32m"email"[31m
                [36m>[31m
                  [0mEmail Address[0m
                [36m</label>[31m
                [36m<div[31m
                  [33mclass[31m=[32m"relative"[31m
                [36m>[31m
                  [36m<svg[31m
                    [33mclass[31m=[32m"lucide lucide-mail absolute left-3 top-1/2 transform -translate-y-1/2 h-5 w-5 text-gray-400"[31m
                    [33mfill[31m=[32m"none"[31m
                    [33mheight[31m=[32m"24"[31m
                    [33mstroke[31m=[32m"currentColor"[31m
                    [33mstroke-linecap[31m=[32m"round"[31m
                    [33mstroke-linejoin[31m=[32m"round"[31m
                    [33mstroke-width[31m=[32m"2"[31m
                    [33mviewBox[31m=[32m"0 0 24 24"[31m
                    [33mwidth[31m=[32m"24"[31m
                    [33mxmlns[31m=[32m"http://www.w3.org/2000/svg"[31m
                  [36m>[31m
                    [36m<rect[31m
                      [33mheight[31m=[32m"16"[31m
                      [33mrx[31m=[32m"2"[31m
                      [33mwidth[31m=[32m"20"[31m
                      [33mx[31m=[32m"2"[31m
                      [33my[31m=[32m"4"[31m
                    [36m/>[31m
                    [36m<path[31m
                      [33md[31m=[32m"m22 7-8.97 5.7a1.94 1.94 0 0 1-2.06 0L2 7"[31m
                    [36m/>[31m
                  [36m</svg>[31m
                  [36m<input[31m
                    [33mautocomplete[31m=[32m"email"[31m
                    [33mclass[31m=[32m"pl-10 block w-full rounded-lg border border-gray-300 focus:ring-blue-500 px-3 py-3 placeholder-gray-400 focus:outline-none focus:ring-2 focus:border-transparent"[31m
                    [33mid[31m=[32m"email"[31m
                    [33mname[31m=[32m"email"[31m
                    [33mplaceholder[31m=[32m"Enter your email"[31m
                    [33mtype[31m=[32m"email"[31m
                    [33mvalue[31m=[32m"nonexistent@test.com"[31m
                  [36m/>[31m
                [36m</div>[31m
              [36m</div>[31m
              [36m<div>[31m
                [36m<label[31m
                  [33mclass[31m=[32m"block text-sm font-medium text-gray-700 mb-2"[31m
                  [33mfor[31m=[32m"password"[31m
                [36m>[31m
                  [0mPassword[0m
                [36m</label>[31m
                [36m<div[31m
                  [33mclass[31m=[32m"relative"[31m
                [36m>[31m
                  [36m<svg[31m
                    [33mclass[31m=[32m"lucide lucide-lock absolute left-3 top-1/2 transform -translate-y-1/2 h-5 w-5 text-gray-400"[31m
                    [33mfill[31m=[32m"none"[31m
                    [33mheight[31m=[32m"24"[31m
                    [33mstroke[31m=[32m"currentColor"[31m
                    [33mstroke-linecap[31m=[32m"round"[31m
                    [33mstroke-linejoin[31m=[32m"round"[31m
                    [33mstroke-width[31m=[32m"2"[31m
                    [33mviewBox[31m=[32m"0 0 24 24"[31m
                    [33mwidth[31m=[32m"24"[31m
                    [33mxmlns[31m=[32m"http://www.w3.org/2000/svg"[31m
                  [36m>[31m
                    [36m<rect[31m
                      [33mheight[31m=[32m"11"[31m
                      [33mrx[31m=[32m"2"[31m
                      [33mry[31m=[32m"2"[31m
                      [33mwidth[31m=[32m"18"[31m
                      [33mx[31m=[32m"3"[31m
                      [33my[31m=[32m"11"[31m
                    [36m/>[31m
                    [36m<path[31m
                      [33md[31m=[32m"M7 11V7a5 5 0 0 1 10 0v4"[31m
                    [36m/>[31m
                  [36m</svg>[31m
                  [36m<input[31m
                    [33mautocomplete[31m=[32m"current-password"[31m
                    [33mclass[31m=[32m"pl-10 pr-10 block w-full rounded-lg border border-gray-300 focus:ring-blue-500 px-3 py-3 placeholder-gray-400 focus:outline-none focus:ring-2 focus:border-transparent"[31m
                    [33mid[31m=[32m"password"[31m
                    [33mname[31m=[32m"password"[31m
                    [33mplaceholder[31m=[32m"Enter your password"[31m
                    [33mtype[31m=[32m"password"[31m
                    [33mvalue[31m=[32m"wrongpassword"[31m
                  [36m/>[31m
                  [36m<button[31m
                    [33mclass[31m=[32m"absolute right-3 top-1/2 transform -translate-y-1/2 text-gray-400 hover:text-gray-600"[31m
                    [33mtype[31m=[32m"button"[31m
                  [36m>[31m
                    [36m<svg[31m
                      [33mclass[31m=[32m"lucide lucide-eye h-5 w-5"[31m
                      [33mfill[31m=[32m"none"[31m
                      [33mheight[31m=[32m"24"[31m
                      [33mstroke[31m=[32m"currentColor"[31m
                      [33mstroke-linecap[31m=[32m"round"[31m
                      [33mstroke-linejoin[31m=[32m"round"[31m
                      [33mstroke-width[31m=[32m"2"[31m
                      [33mviewBox[31m=[32m"0 0 24 24"[31m
                      [33mwidth[31m=[32m"24"[31m
                      [33mxmlns[31m=[32m"http://www.w3.org/2000/svg"[31m
                    [36m>[31m
                      [36m<path[31m
                        [33md[31m=[32m"M2 12s3-7 10-7 10 7 10 7-3 7-10 7-10-7-10-7Z"[31m
                      [36m/>[31m
                      [36m<circle[31m
                        [33mcx[31m=[32m"12"[31m
                        [33mcy[31m=[32m"12"[31m
                        [33mr[31m=[32m"3"[31m
                      [36m/>[31m
                    [36m</svg>[31m
                  [36m</button>[31m
                [36m</div>[31m
              [36m</div>[31m
              [36m<div[31m
                [33mclass[31m=[32m"flex items-center justify-between"[31m
              [36m>[31m
                [36m<div[31m
                  [33mclass[31m=[32m"flex items-center"[31m
                [36m>[31m
                  [36m<input[31m
                    [33mclass[31m=[32m"h-4 w-4 text-blue-600 focus:ring-blue-500 border-gray-300 rounded"[31m
                    [33mid[31m=[32m"remember-me"[31m
                    [33mname[31m=[32m"remember-me"[31m
                    [33mtype[31m=[32m"checkbox"[31m
                  [36m/>[31m
                  [36m<label[31m
                    [33mclass[31m=[32m"ml-2 block text-sm text-gray-700"[31m
                    [33mfor[31m=[32m"remember-me"[31m
                  [36m>[31m
                    [0mRemember me[0m
                  [36m</label>[31m
                [36m</div>[31m
                [36m<div[31m
                  [33mclass[31m=[32m"text-sm"[31m
                [36m>[31m
                  [36m<a[31m
                    [33mclass[31m=[32m"font-medium text-blue-600 hover:text-blue-500 transition-colors"[31m
                    [33mhref[31m=[32m"#"[31m
                  [36m>[31m
                    [0mForgot your password?[0m
                  [36m</a>[31m
                [36m</div>[31m
              [36m</div>[31m
              [36m<button[31m
                [33mclass[31m=[32m"group relative w-full flex justify-center py-3 px-4 border border-transparent text-sm font-medium rounded-lg text-white bg-blue-600 hover:bg-blue-700 focus:outline-none focus:ring-2 focus:ring-offset-2 focus:ring-blue-500 disabled:opacity-50 disabled:cursor-not-allowed transition-colors"[31m
                [33mdisabled[31m=[32m""[31m
                [33mtype[31m=[32m"submit"[31m
              [36m>[31m
                [36m<div[31m
                  [33mclass[31m=[32m"flex items-center space-x-2"[31m
                [36m>[31m
                  [36m<div[31m
                    [33mclass[31m=[32m"animate-spin rounded-full h-4 w-4 border-b-2 border-white"[31m
                  [36m/>[31m
                  [36m<span>[31m
                    [0mSigning in...[0m
                  [36m</span>[31m
                [36m</div>[31m
              [36m</button>[31m
            [36m</form>[31m
          [36m</div>[31m
        [36m</div>[31m
      [36m</div>[31m
      [36m<div[31m
        [33mclass[31m=[32m"fixed top-20 right-4 z-50 space-y-2"[31m
      [36m/>[31m
    [36m</div>[31m
  [36m</body>[31m
[36m</html>[31m[39m
   [32mΓ£ô[39m Component Integration Tests[2m > [22mRegister Component[2m > [22mshould render registration form correctly[32m 33[2mms[22m[39m
   [32mΓ£ô[39m Component Integration Tests[2m > [22mRegister Component[2m > [22mshould show role selection[32m 18[2mms[22m[39m
   [32mΓ£ô[39m Component Integration Tests[2m > [22mRegister Component[2m > [22mshould show specialization field for doctors[32m 66[2mms[22m[39m
   [32mΓ£ô[39m Component Integration Tests[2m > [22mRegister Component[2m > [22mshould show conditions field for patients[32m 83[2mms[22m[39m
   [32mΓ£ô[39m Component Integration Tests[2m > [22mRegister Component[2m > [22mshould handle form submission[32m 122[2mms[22m[39m
   [33m[2mΓ£ô[22m[39m Component Integration Tests[2m > [22mRegister Component[2m > [22mshould allow filling out registration form [33m 918[2mms[22m[39m
   [32mΓ£ô[39m Component Integration Tests[2m > [22mPatientDashboard Component[2m > [22mshould render dashboard with user welcome message[32m 94[2mms[22m[39m
   [32mΓ£ô[39m Component Integration Tests[2m > [22mPatientDashboard Component[2m > [22mshould display health metrics section[32m 28[2mms[22m[39m
   [32mΓ£ô[39m Component Integration Tests[2m > [22mPatientDashboard Component[2m > [22mshould display medications section[32m 16[2mms[22m[39m
   [32mΓ£ô[39m Component Integration Tests[2m > [22mPatientDashboard Component[2m > [22mshould display appointments section[32m 30[2mms[22m[39m
   [32mΓ£ô[39m Component Integration Tests[2m > [22mPatientDashboard Component[2m > [22mshould show quick action buttons[32m 31[2mms[22m[39m
   [32mΓ£ô[39m Component Integration Tests[2m > [22mMedications Component[2m > [22mshould render medications page[32m 41[2mms[22m[39m
   [32mΓ£ô[39m Component Integration Tests[2m > [22mMedications Component[2m > [22mshould show medication statistics[32m 21[2mms[22m[39m
   [32mΓ£ô[39m Component Integration Tests[2m > [22mMedications Component[2m > [22mshould allow adding new medication[32m 271[2mms[22m[39m
   [32mΓ£ô[39m Component Integration Tests[2m > [22mMedications Component[2m > [22mshould handle adding new medication[32m 200[2mms[22m[39m
[31m   [31m├ù[31m Component Integration Tests[2m > [22mMedications Component[2m > [22mshould show empty state when no medications[39m[33m 1017[2mms[22m[39m
[31m     ΓåÆ Unable to find an element with the text: /no medications added/i. This could be because the text is broken up by multiple elements. In this case, you can provide a function for your text matcher to make your matcher more flexible.

Ignored nodes: comments, script, style
[36m<body[31m
  [33mstyle[31m=[32m""[31m
[36m>[31m
  [36m<div[31m
    [33maria-atomic[31m=[32m"true"[31m
    [33maria-live[31m=[32m"polite"[31m
    [33maria-relevant[31m=[32m"additions text"[31m
    [33mclass[31m=[32m"sr-only"[31m
    [33mstyle[31m=[32m"position: absolute; width: 1px !important; height: 1px !important; padding: 0px !important; margin: -1px !important; overflow: hidden; clip: rect(0px, 0px, 0px, 0px) !important; white-space: nowrap; border-width: 0px !important; border-style: none !important; border-color: currentcolor !important; border-image: none;"[31m
  [36m/>[31m
  [36m<div>[31m
    [36m<div[31m
      [33mclass[31m=[32m"max-w-7xl mx-auto space-y-8"[31m
    [36m>[31m
      [36m<div[31m
        [33mclass[31m=[32m"flex items-center justify-between"[31m
      [36m>[31m
        [36m<div>[31m
          [36m<h1[31m
            [33mclass[31m=[32m"text-3xl font-bold text-gray-900"[31m
          [36m>[31m
            [0mMedications[0m
          [36m</h1>[31m
          [36m<p[31m
            [33mclass[31m=[32m"text-gray-600 mt-1"[31m
          [36m>[31m
            [0mManage your medications and track your adherence[0m
          [36m</p>[31m
        [36m</div>[31m
        [36m<button[31m
          [33mclass[31m=[32m"flex items-center space-x-2 px-6 py-3 bg-blue-600 text-white rounded-lg hover:bg-blue-700 transition-colors"[31m
        [36m>[31m
          [36m<svg[31m
            [33mclass[31m=[32m"lucide lucide-plus h-5 w-5"[31m
            [33mfill[31m=[32m"none"[31m
            [33mheight[31m=[32m"24"[31m
            [33mstroke[31m=[32m"currentColor"[31m
            [33mstroke-linecap[31m=[32m"round"[31m
            [33mstroke-linejoin[31m=[32m"round"[31m
            [33mstroke-width[31m=[32m"2"[31m
            [33mviewBox[31m=[32m"0 0 24 24"[31m
            [33mwidth[31m=[32m"24"[31m
            [33mxmlns[31m=[32m"http://www.w3.org/2000/svg"[31m
          [36m>[31m
            [36m<path[31m
              [33md[31m=[32m"M5 12h14"[31m
            [36m/>[31m
            [36m<path[31m
              [33md[31m=[32m"M12 5v14"[31m
            [36m/>[31m
          [36m</svg>[31m
          [36m<span>[31m
            [0mAdd Medication[0m
          [36m</span>[31m
        [36m</button>[31m
      [36m</div>[31m
      [36m<div[31m
        [33mclass[31m=[32m"grid grid-cols-1 md:grid-cols-4 gap-6"[31m
      [36m>[31m
        [36m<div[31m
          [33mclass[31m=[32m"bg-white rounded-xl shadow-sm border border-gray-200 p-6"[31m
        [36m>[31m
          [36m<div[31m
            [33mclass[31m=[32m"flex items-center space-x-3"[31m
          [36m>[31m
            [36m<svg[31m
              [33mclass[31m=[32m"lucide lucide-pill h-8 w-8 text-blue-600"[31m
              [33mfill[31m=[32m"none"[31m
              [33mheight[31m=[32m"24"[31m
              [33mstroke[31m=[32m"currentColor"[31m
              [33mstroke-linecap[31m=[32m"round"[31m
              [33mstroke-linejoin[31m=[32m"round"[31m
              [33mstroke-width[31m=[32m"2"[31m
              [33mviewBox[31m=[32m"0 0 24 24"[31m
              [33mwidth[31m=[32m"24"[31m
              [33mxmlns[31m=[32m"http://www.w3.org/2000/svg"[31m
            [36m>[31m
              [36m<path[31m
                [33md[31m=[32m"m10.5 20.5 10-10a4.95 4.95 0 1 0-7-7l-10 10a4.95 4.95 0 1 0 7 7Z"[31m
              [36m/>[31m
              [36m<path[31m
                [33md[31m=[32m"m8.5 8.5 7 7"[31m
              [36m/>[31m
            [36m</svg>[31m
            [36m<div>[31m
              [36m<p[31m
                [33mclass[31m=[32m"text-sm text-gray-600"[31m
              [36m>[31m
                [0mActive Medications[0m
              [36m</p>[31m
              [36m<p[31m
                [33mclass[31m=[32m"text-2xl font-bold text-gray-900"[31m
              [36m>[31m
                [0m0[0m
              [36m</p>[31m
            [36m</div>[31m
          [36m</div>[31m
        [36m</div>[31m
        [36m<div[31m
          [33mclass[31m=[32m"bg-white rounded-xl shadow-sm border border-gray-200 p-6"[31m
        [36m>[31m
          [36m<div[31m
            [33mclass[31m=[32m"flex items-center space-x-3"[31m
          [36m>[31m
            [36m<svg[31m
              [33mclass[31m=[32m"lucide lucide-trending-up h-8 w-8 text-green-600"[31m
              [33mfill[31m=[32m"none"[31m
              [33mheight[31m=[32m"24"[31m
              [33mstroke[31m=[32m"currentColor"[31m
              [33mstroke-linecap[31m=[32m"round"[31m
              [33mstroke-linejoin[31m=[32m"round"[31m
              [33mstroke-width[31m=[32m"2"[31m
              [33mviewBox[31m=[32m"0 0 24 24"[31m
              [33mwidth[31m=[32m"24"[31m
              [33mxmlns[31m=[32m"http://www.w3.org/2000/svg"[31m
            [36m>[31m
              [36m<polyline[31m
                [33mpoints[31m=[32m"22 7 13.5 15.5 8.5 10.5 2 17"[31m
              [36m/>[31m
              [36m<polyline[31m
                [33mpoints[31m=[32m"16 7 22 7 22 13"[31m
              [36m/>[31m
            [36m</svg>[31m
            [36m<div>[31m
              [36m<p[31m
                [33mclass[31m=[32m"text-sm text-gray-600"[31m
              [36m>[31m
                [0mAdherence Rate[0m
              [36m</p>[31m
              [36m<p[31m
                [33mclass[31m=[32m"text-2xl font-bold text-green-600"[31m
              [36m>[31m
                [0m100[0m
                [0m%[0m
              [36m</p>[31m
            [36m</div>[31m
          [36m</div>[31m
        [36m</div>[31m
        [36m<div[31m
          [33mclass[31m=[32m"bg-white rounded-xl shadow-sm border border-gray-200 p-6"[31m
        [36m>[31m
          [36m<div[31m
            [33mclass[31m=[32m"flex items-center space-x-3"[31m
          [36m>[31m
            [36m<svg[31m
              [33mclass[31m=[32m"lucide lucide-clock h-8 w-8 text-orange-600"[31m
              [33mfill[31m=[32m"none"[31m
              [33mheight[31m=[32m"24"[31m
              [33mstroke[31m=[32m"currentColor"[31m
              [33mstroke-linecap[31m=[32m"round"[31m
              [33mstroke-linejoin[31m=[32m"round"[31m
              [33mstroke-width[31m=[32m"2"[31m
              [33mviewBox[31m=[32m"0 0 24 24"[31m
              [33mwidth[31m=[32m"24"[31m
              [33mxmlns[31m=[32m"http://www.w3.org/2000/svg"[31m
            [36m>[31m
              [36m<circle[31m
                [33mcx[31m=[32m"12"[31m
                [33mcy[31m=[32m"12"[31m
                [33mr[31m=[32m"10"[31m
              [36m/>[31m
              [36m<polyline[31m
                [33mpoints[31m=[32m"12 6 12 12 16 14"[31m
              [36m/>[31m
            [36m</svg>[31m
            [36m<div>[31m
              [36m<p[31m
                [33mclass[31m=[32m"text-sm text-gray-600"[31m
              [36m>[31m
                [0mNext Dose[0m
              [36m</p>[31m
              [36m<p[31m
                [33mclass[31m=[32m"text-2xl font-bold text-orange-600"[31m
              [36m>[31m
                [0mNone[0m
              [36m</p>[31m
            [36m</div>[31m
          [36m</div>[31m
        [36m</div>[31m
        [36m<div[31m
          [33mclass[31m=[32m"bg-white rounded-xl shadow-sm border border-gray-200 p-6"[31m
        [36m>[31m
          [36m<div[31m
            [33mclass[31m=[32m"flex items-center space-x-3"[31m
          [36m>[31m
            [36m<svg[31m
              [33mclass[31m=[32m"lucide lucide-calendar h-8 w-8 text-purple-600"[31m
              [33mfill[31m=[32m"none"[31m
              [33mheight[31m=[32m"24"[31m
              [33mstroke[31m=[32m"currentColor"[31m
              [33mstroke-linecap[31m=[32m"round"[31m
              [33mstroke-linejoin[31m=[32m"round"[31m
              [33mstroke-width[31m=[32m"2"[31m
              [33mviewBox[31m=[32m"0 0 24 24"[31m
              [33mwidth[31m=[32m"24"[31m
              [33mxmlns[31m=[32m"http://www.w3.org/2000/svg"[31m
            [36m>[31m
              [36m<path[31m
                [33md[31m=[32m"M8 2v4"[31m
              [36m/>[31m
              [36m<path[31m
                [33md[31m=[32m"M16 2v4"[31m
              [36m/>[31m
              [36m<rect[31m
                [33mheight[31m=[32m"18"[31m
                [33mrx[31m=[32m"2"[31m
                [33mwidth[31m=[32m"18"[31m
                [33mx[31m=[32m"3"[31m
                [33my[31m=[32m"4"[31m
              [36m/>[31m
              [36m<path[31m
                [33md[31m=[32m"M3 10h18"[31m
              [36m/>[31m
            [36m</svg>[31m
            [36m<div>[31m
              [36m<p[31m
                [33mclass[31m=[32m"text-sm text-gray-600"[31m
              [36m>[31m
                [0mDaily Doses[0m
              [36m</p>[31m
              [36m<p[31m
                [33mclass[31m=[32m"text-2xl font-bold text-purple-600"[31m
              [36m>[31m
                [0m0[0m
              [36m</p>[31m
            [36m</div>[31m
          [36m</div>[31m
        [36m</div>[31m
      [36m</div>[31m
      [36m<div[31m
        [33mclass[31m=[32m"space-y-6"[31m
      [36m/>[31m
    [36m</div>[31m
    [36m<div[31m
      [33mclass[31m=[32m"fixed top-20 right-4 z-50 space-y-2"[31m
    [36m/>[31m
  [36m</div>[31m
[36m</body>[31m

Ignored nodes: comments, script, style
[36m<html>[31m
  [36m<head />[31m
  [36m<body[31m
    [33mstyle[31m=[32m""[31m
  [36m>[31m
    [36m<div[31m
      [33maria-atomic[31m=[32m"true"[31m
      [33maria-live[31m=[32m"polite"[31m
      [33maria-relevant[31m=[32m"additions text"[31m
      [33mclass[31m=[32m"sr-only"[31m
      [33mstyle[31m=[32m"position: absolute; width: 1px !important; height: 1px !important; padding: 0px !important; margin: -1px !important; overflow: hidden; clip: rect(0px, 0px, 0px, 0px) !important; white-space: nowrap; border-width: 0px !important; border-style: none !important; border-color: currentcolor !important; border-image: none;"[31m
    [36m/>[31m
    [36m<div>[31m
      [36m<div[31m
        [33mclass[31m=[32m"max-w-7xl mx-auto space-y-8"[31m
      [36m>[31m
        [36m<div[31m
          [33mclass[31m=[32m"flex items-center justify-between"[31m
        [36m>[31m
          [36m<div>[31m
            [36m<h1[31m
              [33mclass[31m=[32m"text-3xl font-bold text-gray-900"[31m
            [36m>[31m
              [0mMedications[0m
            [36m</h1>[31m
            [36m<p[31m
              [33mclass[31m=[32m"text-gray-600 mt-1"[31m
            [36m>[31m
              [0mManage your medications and track your adherence[0m
            [36m</p>[31m
          [36m</div>[31m
          [36m<button[31m
            [33mclass[31m=[32m"flex items-center space-x-2 px-6 py-3 bg-blue-600 text-white rounded-lg hover:bg-blue-700 transition-colors"[31m
          [36m>[31m
            [36m<svg[31m
              [33mclass[31m=[32m"lucide lucide-plus h-5 w-5"[31m
              [33mfill[31m=[32m"none"[31m
              [33mheight[31m=[32m"24"[31m
              [33mstroke[31m=[32m"currentColor"[31m
              [33mstroke-linecap[31m=[32m"round"[31m
              [33mstroke-linejoin[31m=[32m"round"[31m
              [33mstroke-width[31m=[32m"2"[31m
              [33mviewBox[31m=[32m"0 0 24 24"[31m
              [33mwidth[31m=[32m"24"[31m
              [33mxmlns[31m=[32m"http://www.w3.org/2000/svg"[31m
            [36m>[31m
              [36m<path[31m
                [33md[31m=[32m"M5 12h14"[31m
              [36m/>[31m
              [36m<path[31m
                [33md[31m=[32m"M12 5v14"[31m
              [36m/>[31m
            [36m</svg>[31m
            [36m<span>[31m
              [0mAdd Medication[0m
            [36m</span>[31m
          [36m</button>[31m
        [36m</div>[31m
        [36m<div[31m
          [33mclass[31m=[32m"grid grid-cols-1 md:grid-cols-4 gap-6"[31m
        [36m>[31m
          [36m<div[31m
            [33mclass[31m=[32m"bg-white rounded-xl shadow-sm border border-gray-200 p-6"[31m
          [36m>[31m
            [36m<div[31m
              [33mclass[31m=[32m"flex items-center space-x-3"[31m
            [36m>[31m
              [36m<svg[31m
                [33mclass[31m=[32m"lucide lucide-pill h-8 w-8 text-blue-600"[31m
                [33mfill[31m=[32m"none"[31m
                [33mheight[31m=[32m"24"[31m
                [33mstroke[31m=[32m"currentColor"[31m
                [33mstroke-linecap[31m=[32m"round"[31m
                [33mstroke-linejoin[31m=[32m"round"[31m
                [33mstroke-width[31m=[32m"2"[31m
                [33mviewBox[31m=[32m"0 0 24 24"[31m
                [33mwidth[31m=[32m"24"[31m
                [33mxmlns[31m=[32m"http://www.w3.org/2000/svg"[31m
              [36m>[31m
                [36m<path[31m
                  [33md[31m=[32m"m10.5 20.5 10-10a4.95 4.95 0 1 0-7-7l-10 10a4.95 4.95 0 1 0 7 7Z"[31m
                [36m/>[31m
                [36m<path[31m
                  [33md[31m=[32m"m8.5 8.5 7 7"[31m
                [36m/>[31m
              [36m</svg>[31m
              [36m<div>[31m
                [36m<p[31m
                  [33mclass[31m=[32m"text-sm text-gray-600"[31m
                [36m>[31m
                  [0mActive Medications[0m
                [36m</p>[31m
                [36m<p[31m
                  [33mclass[31m=[32m"text-2xl font-bold text-gray-900"[31m
                [36m>[31m
                  [0m0[0m
                [36m</p>[31m
              [36m</div>[31m
            [36m</div>[31m
          [36m</div>[31m
          [36m<div[31m
            [33mclass[31m=[32m"bg-white rounded-xl shadow-sm border border-gray-200 p-6"[31m
          [36m>[31m
            [36m<div[31m
              [33mclass[31m=[32m"flex items-center space-x-3"[31m
            [36m>[31m
              [36m<svg[31m
                [33mclass[31m=[32m"lucide lucide-trending-up h-8 w-8 text-green-600"[31m
                [33mfill[31m=[32m"none"[31m
                [33mheight[31m=[32m"24"[31m
                [33mstroke[31m=[32m"currentColor"[31m
                [33mstroke-linecap[31m=[32m"round"[31m
                [33mstroke-linejoin[31m=[32m"round"[31m
                [33mstroke-width[31m=[32m"2"[31m
                [33mviewBox[31m=[32m"0 0 24 24"[31m
                [33mwidth[31m=[32m"24"[31m
                [33mxmlns[31m=[32m"http://www.w3.org/2000/svg"[31m
              [36m>[31m
                [36m<polyline[31m
                  [33mpoints[31m=[32m"22 7 13.5 15.5 8.5 10.5 2 17"[31m
                [36m/>[31m
                [36m<polyline[31m
                  [33mpoints[31m=[32m"16 7 22 7 22 13"[31m
                [36m/>[31m
              [36m</svg>[31m
              [36m<div>[31m
                [36m<p[31m
                  [33mclass[31m=[32m"text-sm text-gray-600"[31m
                [36m>[31m
                  [0mAdherence Rate[0m
                [36m</p>[31m
                [36m<p[31m
                  [33mclass[31m=[32m"text-2xl font-bold text-green-600"[31m
                [36m>[31m
                  [0m100[0m
                  [0m%[0m
                [36m</p>[31m
              [36m</div>[31m
            [36m</div>[31m
          [36m</div>[31m
          [36m<div[31m
            [33mclass[31m=[32m"bg-white rounded-xl shadow-sm border border-gray-200 p-6"[31m
          [36m>[31m
            [36m<div[31m
              [33mclass[31m=[32m"flex items-center space-x-3"[31m
            [36m>[31m
              [36m<svg[31m
                [33mclass[31m=[32m"lucide lucide-clock h-8 w-8 text-orange-600"[31m
                [33mfill[31m=[32m"none"[31m
                [33mheight[31m=[32m"24"[31m
                [33mstroke[31m=[32m"currentColor"[31m
                [33mstroke-linecap[31m=[32m"round"[31m
                [33mstroke-linejoin[31m=[32m"round"[31m
                [33mstroke-width[31m=[32m"2"[31m
                [33mviewBox[31m=[32m"0 0 24 24"[31m
                [33mwidth[31m=[32m"24"[31m
                [33mxmlns[31m=[32m"http://www.w3.org/2000/svg"[31m
              [36m>[31m
                [36m<circle[31m
                  [33mcx[31m=[32m"12"[31m
                  [33mcy[31m=[32m"12"[31m
                  [33mr[31m=[32m"10"[31m
                [36m/>[31m
                [36m<polyline[31m
                  [33mpoints[31m=[32m"12 6 12 12 16 14"[31m
                [36m/>[31m
              [36m</svg>[31m
              [36m<div>[31m
                [36m<p[31m
                  [33mclass[31m=[32m"text-sm text-gray-600"[31m
                [36m>[31m
                  [0mNext Dose[0m
                [36m</p>[31m
                [36m<p[31m
                  [33mclass[31m=[32m"text-2xl font-bold text-orange-600"[31m
                [36m>[31m
                  [0mNone[0m
                [36m</p>[31m
              [36m</div>[31m
            [36m</div>[31m
          [36m</div>[31m
          [36m<div[31m
            [33mclass[31m=[32m"bg-white rounded-xl shadow-sm border border-gray-200 p-6"[31m
          [36m>[31m
            [36m<div[31m
              [33mclass[31m=[32m"flex items-center space-x-3"[31m
            [36m>[31m
              [36m<svg[31m
                [33mclass[31m=[32m"lucide lucide-calendar h-8 w-8 text-purple-600"[31m
                [33mfill[31m=[32m"none"[31m
                [33mheight[31m=[32m"24"[31m
                [33mstroke[31m=[32m"currentColor"[31m
                [33mstroke-linecap[31m=[32m"round"[31m
                [33mstroke-linejoin[31m=[32m"round"[31m
                [33mstroke-width[31m=[32m"2"[31m
                [33mviewBox[31m=[32m"0 0 24 24"[31m
                [33mwidth[31m=[32m"24"[31m
                [33mxmlns[31m=[32m"http://www.w3.org/2000/svg"[31m
              [36m>[31m
                [36m<path[31m
                  [33md[31m=[32m"M8 2v4"[31m
                [36m/>[31m
                [36m<path[31m
                  [33md[31m=[32m"M16 2v4"[31m
                [36m/>[31m
                [36m<rect[31m
                  [33mheight[31m=[32m"18"[31m
                  [33mrx[31m=[32m"2"[31m
                  [33mwidth[31m=[32m"18"[31m
                  [33mx[31m=[32m"3"[31m
                  [33my[31m=[32m"4"[31m
                [36m/>[31m
                [36m<path[31m
                  [33md[31m=[32m"M3 10h18"[31m
                [36m/>[31m
              [36m</svg>[31m
              [36m<div>[31m
                [36m<p[31m
                  [33mclass[31m=[32m"text-sm text-gray-600"[31m
                [36m>[31m
                  [0mDaily Doses[0m
                [36m</p>[31m
                [36m<p[31m
                  [33mclass[31m=[32m"text-2xl font-bold text-purple-600"[31m
                [36m>[31m
                  [0m0[0m
                [36m</p>[31m
              [36m</div>[31m
            [36m</div>[31m
          [36m</div>[31m
        [36m</div>[31m
        [36m<div[31m
          [33mclass[31m=[32m"space-y-6"[31m
        [36m/>[31m
      [36m</div>[31m
      [36m<div[31m
        [33mclass[31m=[32m"fixed top-20 right-4 z-50 space-y-2"[31m
      [36m/>[31m
    [36m</div>[31m
  [36m</body>[31m
[36m</html>[31m[39m
   [32mΓ£ô[39m Component Integration Tests[2m > [22mError Handling[2m > [22mshould handle Firestore connection errors gracefully[32m 34[2mms[22m[39m
[31m   [31m├ù[31m Component Integration Tests[2m > [22mError Handling[2m > [22mshould handle authentication errors gracefully[39m[33m 1625[2mms[22m[39m
[31m     ΓåÆ Unable to find an element with the text: /invalid email or password/i. This could be because the text is broken up by multiple elements. In this case, you can provide a function for your text matcher to make your matcher more flexible.

Ignored nodes: comments, script, style
[36m<body[31m
  [33mstyle[31m=[32m""[31m
[36m>[31m
  [36m<div[31m
    [33maria-atomic[31m=[32m"true"[31m
    [33maria-live[31m=[32m"polite"[31m
    [33maria-relevant[31m=[32m"additions text"[31m
    [33mclass[31m=[32m"sr-only"[31m
    [33mstyle[31m=[32m"position: absolute; width: 1px !important; height: 1px !important; padding: 0px !important; margin: -1px !important; overflow: hidden; clip: rect(0px, 0px, 0px, 0px) !important; white-space: nowrap; border-width: 0px !important; border-style: none !important; border-color: currentcolor !important; border-image: none;"[31m
  [36m/>[31m
  [36m<div>[31m
    [36m<div[31m
      [33mclass[31m=[32m"min-h-[calc(100vh-120px)] flex items-center justify-center py-12 px-4 sm:px-6 lg:px-8"[31m
    [36m>[31m
      [36m<div[31m
        [33mclass[31m=[32m"max-w-md w-full space-y-8"[31m
      [36m>[31m
        [36m<div>[31m
          [36m<div[31m
            [33mclass[31m=[32m"flex justify-center"[31m
          [36m>[31m
            [36m<svg[31m
              [33mclass[31m=[32m"lucide lucide-heart h-12 w-12 text-blue-600"[31m
              [33mfill[31m=[32m"none"[31m
              [33mheight[31m=[32m"24"[31m
              [33mstroke[31m=[32m"currentColor"[31m
              [33mstroke-linecap[31m=[32m"round"[31m
              [33mstroke-linejoin[31m=[32m"round"[31m
              [33mstroke-width[31m=[32m"2"[31m
              [33mviewBox[31m=[32m"0 0 24 24"[31m
              [33mwidth[31m=[32m"24"[31m
              [33mxmlns[31m=[32m"http://www.w3.org/2000/svg"[31m
            [36m>[31m
              [36m<path[31m
                [33md[31m=[32m"M19 14c1.49-1.46 3-3.21 3-5.5A5.5 5.5 0 0 0 16.5 3c-1.76 0-3 .5-4.5 2-1.5-1.5-2.74-2-4.5-2A5.5 5.5 0 0 0 2 8.5c0 2.3 1.5 4.05 3 5.5l7 7Z"[31m
              [36m/>[31m
            [36m</svg>[31m
          [36m</div>[31m
          [36m<h2[31m
            [33mclass[31m=[32m"mt-6 text-center text-3xl font-extrabold text-gray-900"[31m
          [36m>[31m
            [0mSign in to your account[0m
          [36m</h2>[31m
          [36m<p[31m
            [33mclass[31m=[32m"mt-2 text-center text-sm text-gray-600"[31m
          [36m>[31m
            [0mOr[0m
            [0m [0m
            [36m<a[31m
              [33mclass[31m=[32m"font-medium text-blue-600 hover:text-blue-500 transition-colors"[31m
              [33mdata-discover[31m=[32m"true"[31m
              [33mhref[31m=[32m"/register"[31m
            [36m>[31m
              [0mcreate a new account[0m
            [36m</a>[31m
          [36m</p>[31m
        [36m</div>[31m
        [36m<div[31m
          [33mclass[31m=[32m"bg-white rounded-xl shadow-md border border-gray-200 p-8"[31m
        [36m>[31m
          [36m<form[31m
            [33mclass[31m=[32m"space-y-6"[31m
          [36m>[31m
            [36m<div>[31m
              [36m<label[31m
                [33mclass[31m=[32m"block text-sm font-medium text-gray-700 mb-2"[31m
                [33mfor[31m=[32m"email"[31m
              [36m>[31m
                [0mEmail Address[0m
              [36m</label>[31m
              [36m<div[31m
                [33mclass[31m=[32m"relative"[31m
              [36m>[31m
                [36m<svg[31m
                  [33mclass[31m=[32m"lucide lucide-mail absolute left-3 top-1/2 transform -translate-y-1/2 h-5 w-5 text-gray-400"[31m
                  [33mfill[31m=[32m"none"[31m
                  [33mheight[31m=[32m"24"[31m
                  [33mstroke[31m=[32m"currentColor"[31m
                  [33mstroke-linecap[31m=[32m"round"[31m
                  [33mstroke-linejoin[31m=[32m"round"[31m
                  [33mstroke-width[31m=[32m"2"[31m
                  [33mviewBox[31m=[32m"0 0 24 24"[31m
                  [33mwidth[31m=[32m"24"[31m
                  [33mxmlns[31m=[32m"http://www.w3.org/2000/svg"[31m
                [36m>[31m
                  [36m<rect[31m
                    [33mheight[31m=[32m"16"[31m
                    [33mrx[31m=[32m"2"[31m
                    [33mwidth[31m=[32m"20"[31m
                    [33mx[31m=[32m"2"[31m
                    [33my[31m=[32m"4"[31m
                  [36m/>[31m
                  [36m<path[31m
                    [33md[31m=[32m"m22 7-8.97 5.7a1.94 1.94 0 0 1-2.06 0L2 7"[31m
                  [36m/>[31m
                [36m</svg>[31m
                [36m<input[31m
                  [33mautocomplete[31m=[32m"email"[31m
                  [33mclass[31m=[32m"pl-10 block w-full rounded-lg border border-gray-300 focus:ring-blue-500 px-3 py-3 placeholder-gray-400 focus:outline-none focus:ring-2 focus:border-transparent"[31m
                  [33mid[31m=[32m"email"[31m
                  [33mname[31m=[32m"email"[31m
                  [33mplaceholder[31m=[32m"Enter your email"[31m
                  [33mtype[31m=[32m"email"[31m
                  [33mvalue[31m=[32m"test@test.com"[31m
                [36m/>[31m
              [36m</div>[31m
            [36m</div>[31m
            [36m<div>[31m
              [36m<label[31m
                [33mclass[31m=[32m"block text-sm font-medium text-gray-700 mb-2"[31m
                [33mfor[31m=[32m"password"[31m
              [36m>[31m
                [0mPassword[0m
              [36m</label>[31m
              [36m<div[31m
                [33mclass[31m=[32m"relative"[31m
              [36m>[31m
                [36m<svg[31m
                  [33mclass[31m=[32m"lucide lucide-lock absolute left-3 top-1/2 transform -translate-y-1/2 h-5 w-5 text-gray-400"[31m
                  [33mfill[31m=[32m"none"[31m
                  [33mheight[31m=[32m"24"[31m
                  [33mstroke[31m=[32m"currentColor"[31m
                  [33mstroke-linecap[31m=[32m"round"[31m
                  [33mstroke-linejoin[31m=[32m"round"[31m
                  [33mstroke-width[31m=[32m"2"[31m
                  [33mviewBox[31m=[32m"0 0 24 24"[31m
                  [33mwidth[31m=[32m"24"[31m
                  [33mxmlns[31m=[32m"http://www.w3.org/2000/svg"[31m
                [36m>[31m
                  [36m<rect[31m
                    [33mheight[31m=[32m"11"[31m
                    [33mrx[31m=[32m"2"[31m
                    [33mry[31m=[32m"2"[31m
                    [33mwidth[31m=[32m"18"[31m
                    [33mx[31m=[32m"3"[31m
                    [33my[31m=[32m"11"[31m
                  [36m/>[31m
                  [36m<path[31m
                    [33md[31m=[32m"M7 11V7a5 5 0 0 1 10 0v4"[31m
                  [36m/>[31m
                [36m</svg>[31m
                [36m<input[31m
                  [33mautocomplete[31m=[32m"current-password"[31m
                  [33mclass[31m=[32m"pl-10 pr-10 block w-full rounded-lg border border-gray-300 focus:ring-blue-500 px-3 py-3 placeholder-gray-400 focus:outline-none focus:ring-2 focus:border-transparent"[31m
                  [33mid[31m=[32m"password"[31m
                  [33mname[31m=[32m"password"[31m
                  [33mplaceholder[31m=[32m"Enter your password"[31m
                  [33mtype[31m=[32m"password"[31m
                  [33mvalue[31m=[32m"password123"[31m
                [36m/>[31m
                [36m<button[31m
                  [33mclass[31m=[32m"absolute right-3 top-1/2 transform -translate-y-1/2 text-gray-400 hover:text-gray-600"[31m
                  [33mtype[31m=[32m"button"[31m
                [36m>[31m
                  [36m<svg[31m
                    [33mclass[31m=[32m"lucide lucide-eye h-5 w-5"[31m
                    [33mfill[31m=[32m"none"[31m
                    [33mheight[31m=[32m"24"[31m
                    [33mstroke[31m=[32m"currentColor"[31m
                    [33mstroke-linecap[31m=[32m"round"[31m
                    [33mstroke-linejoin[31m=[32m"round"[31m
                    [33mstroke-width[31m=[32m"2"[31m
                    [33mviewBox[31m=[32m"0 0 24 24"[31m
                    [33mwidth[31m=[32m"24"[31m
                    [33mxmlns[31m=[32m"http://www.w3.org/2000/svg"[31m
                  [36m>[31m
                    [36m<path[31m
                      [33md[31m=[32m"M2 12s3-7 10-7 10 7 10 7-3 7-10 7-10-7-10-7Z"[31m
                    [36m/>[31m
                    [36m<circle[31m
                      [33mcx[31m=[32m"12"[31m
                      [33mcy[31m=[32m"12"[31m
                      [33mr[31m=[32m"3"[31m
                    [36m/>[31m
                  [36m</svg>[31m
                [36m</button>[31m
              [36m</div>[31m
            [36m</div>[31m
            [36m<div[31m
              [33mclass[31m=[32m"flex items-center justify-between"[31m
            [36m>[31m
              [36m<div[31m
                [33mclass[31m=[32m"flex items-center"[31m
              [36m>[31m
                [36m<input[31m
                  [33mclass[31m=[32m"h-4 w-4 text-blue-600 focus:ring-blue-500 border-gray-300 rounded"[31m
                  [33mid[31m=[32m"remember-me"[31m
                  [33mname[31m=[32m"remember-me"[31m
                  [33mtype[31m=[32m"checkbox"[31m
                [36m/>[31m
                [36m<label[31m
                  [33mclass[31m=[32m"ml-2 block text-sm text-gray-700"[31m
                  [33mfor[31m=[32m"remember-me"[31m
                [36m>[31m
                  [0mRemember me[0m
                [36m</label>[31m
              [36m</div>[31m
              [36m<div[31m
                [33mclass[31m=[32m"text-sm"[31m
              [36m>[31m
                [36m<a[31m
                  [33mclass[31m=[32m"font-medium text-blue-600 hover:text-blue-500 transition-colors"[31m
                  [33mhref[31m=[32m"#"[31m
                [36m>[31m
                  [0mForgot your password?[0m
                [36m</a>[31m
              [36m</div>[31m
            [36m</div>[31m
            [36m<button[31m
              [33mclass[31m=[32m"group relative w-full flex justify-center py-3 px-4 border border-transparent text-sm font-medium rounded-lg text-white bg-blue-600 hover:bg-blue-700 focus:outline-none focus:ring-2 focus:ring-offset-2 focus:ring-blue-500 disabled:opacity-50 disabled:cursor-not-allowed transition-colors"[31m
              [33mdisabled[31m=[32m""[31m
              [33mtype[31m=[32m"submit"[31m
            [36m>[31m
              [36m<div[31m
                [33mclass[31m=[32m"flex items-center space-x-2"[31m
              [36m>[31m
                [36m<div[31m
                  [33mclass[31m=[32m"animate-spin rounded-full h-4 w-4 border-b-2 border-white"[31m
                [36m/>[31m
                [36m<span>[31m
                  [0mSigning in...[0m
                [36m</span>[31m
              [36m</div>[31m
            [36m</button>[31m
          [36m</form>[31m
        [36m</div>[31m
      [36m</div>[31m
    [36m</div>[31m
    [36m<div[31m
      [33mclass[31m=[32m"fixed top-20 right-4 z-50 space-y-2"[31m
    [36m/>[31m
  [36m</div>[31m
[36m</body>[31m

Ignored nodes: comments, script, style
[36m<html>[31m
  [36m<head />[31m
  [36m<body[31m
    [33mstyle[31m=[32m""[31m
  [36m>[31m
    [36m<div[31m
      [33maria-atomic[31m=[32m"true"[31m
      [33maria-live[31m=[32m"polite"[31m
      [33maria-relevant[31m=[32m"additions text"[31m
      [33mclass[31m=[32m"sr-only"[31m
      [33mstyle[31m=[32m"position: absolute; width: 1px !important; height: 1px !important; padding: 0px !important; margin: -1px !important; overflow: hidden; clip: rect(0px, 0px, 0px, 0px) !important; white-space: nowrap; border-width: 0px !important; border-style: none !important; border-color: currentcolor !important; border-image: none;"[31m
    [36m/>[31m
    [36m<div>[31m
      [36m<div[31m
        [33mclass[31m=[32m"min-h-[calc(100vh-120px)] flex items-center justify-center py-12 px-4 sm:px-6 lg:px-8"[31m
      [36m>[31m
        [36m<div[31m
          [33mclass[31m=[32m"max-w-md w-full space-y-8"[31m
        [36m>[31m
          [36m<div>[31m
            [36m<div[31m
              [33mclass[31m=[32m"flex justify-center"[31m
            [36m>[31m
              [36m<svg[31m
                [33mclass[31m=[32m"lucide lucide-heart h-12 w-12 text-blue-600"[31m
                [33mfill[31m=[32m"none"[31m
                [33mheight[31m=[32m"24"[31m
                [33mstroke[31m=[32m"currentColor"[31m
                [33mstroke-linecap[31m=[32m"round"[31m
                [33mstroke-linejoin[31m=[32m"round"[31m
                [33mstroke-width[31m=[32m"2"[31m
                [33mviewBox[31m=[32m"0 0 24 24"[31m
                [33mwidth[31m=[32m"24"[31m
                [33mxmlns[31m=[32m"http://www.w3.org/2000/svg"[31m
              [36m>[31m
                [36m<path[31m
                  [33md[31m=[32m"M19 14c1.49-1.46 3-3.21 3-5.5A5.5 5.5 0 0 0 16.5 3c-1.76 0-3 .5-4.5 2-1.5-1.5-2.74-2-4.5-2A5.5 5.5 0 0 0 2 8.5c0 2.3 1.5 4.05 3 5.5l7 7Z"[31m
                [36m/>[31m
              [36m</svg>[31m
            [36m</div>[31m
            [36m<h2[31m
              [33mclass[31m=[32m"mt-6 text-center text-3xl font-extrabold text-gray-900"[31m
            [36m>[31m
              [0mSign in to your account[0m
            [36m</h2>[31m
            [36m<p[31m
              [33mclass[31m=[32m"mt-2 text-center text-sm text-gray-600"[31m
            [36m>[31m
              [0mOr[0m
              [0m [0m
              [36m<a[31m
                [33mclass[31m=[32m"font-medium text-blue-600 hover:text-blue-500 transition-colors"[31m
                [33mdata-discover[31m=[32m"true"[31m
                [33mhref[31m=[32m"/register"[31m
              [36m>[31m
                [0mcreate a new account[0m
              [36m</a>[31m
            [36m</p>[31m
          [36m</div>[31m
          [36m<div[31m
            [33mclass[31m=[32m"bg-white rounded-xl shadow-md border border-gray-200 p-8"[31m
          [36m>[31m
            [36m<form[31m
              [33mclass[31m=[32m"space-y-6"[31m
            [36m>[31m
              [36m<div>[31m
                [36m<label[31m
                  [33mclass[31m=[32m"block text-sm font-medium text-gray-700 mb-2"[31m
                  [33mfor[31m=[32m"email"[31m
                [36m>[31m
                  [0mEmail Address[0m
                [36m</label>[31m
                [36m<div[31m
                  [33mclass[31m=[32m"relative"[31m
                [36m>[31m
                  [36m<svg[31m
                    [33mclass[31m=[32m"lucide lucide-mail absolute left-3 top-1/2 transform -translate-y-1/2 h-5 w-5 text-gray-400"[31m
                    [33mfill[31m=[32m"none"[31m
                    [33mheight[31m=[32m"24"[31m
                    [33mstroke[31m=[32m"currentColor"[31m
                    [33mstroke-linecap[31m=[32m"round"[31m
                    [33mstroke-linejoin[31m=[32m"round"[31m
                    [33mstroke-width[31m=[32m"2"[31m
                    [33mviewBox[31m=[32m"0 0 24 24"[31m
                    [33mwidth[31m=[32m"24"[31m
                    [33mxmlns[31m=[32m"http://www.w3.org/2000/svg"[31m
                  [36m>[31m
                    [36m<rect[31m
                      [33mheight[31m=[32m"16"[31m
                      [33mrx[31m=[32m"2"[31m
                      [33mwidth[31m=[32m"20"[31m
                      [33mx[31m=[32m"2"[31m
                      [33my[31m=[32m"4"[31m
                    [36m/>[31m
                    [36m<path[31m
                      [33md[31m=[32m"m22 7-8.97 5.7a1.94 1.94 0 0 1-2.06 0L2 7"[31m
                    [36m/>[31m
                  [36m</svg>[31m
                  [36m<input[31m
                    [33mautocomplete[31m=[32m"email"[31m
                    [33mclass[31m=[32m"pl-10 block w-full rounded-lg border border-gray-300 focus:ring-blue-500 px-3 py-3 placeholder-gray-400 focus:outline-none focus:ring-2 focus:border-transparent"[31m
                    [33mid[31m=[32m"email"[31m
                    [33mname[31m=[32m"email"[31m
                    [33mplaceholder[31m=[32m"Enter your email"[31m
                    [33mtype[31m=[32m"email"[31m
                    [33mvalue[31m=[32m"test@test.com"[31m
                  [36m/>[31m
                [36m</div>[31m
              [36m</div>[31m
              [36m<div>[31m
                [36m<label[31m
                  [33mclass[31m=[32m"block text-sm font-medium text-gray-700 mb-2"[31m
                  [33mfor[31m=[32m"password"[31m
                [36m>[31m
                  [0mPassword[0m
                [36m</label>[31m
                [36m<div[31m
                  [33mclass[31m=[32m"relative"[31m
                [36m>[31m
                  [36m<svg[31m
                    [33mclass[31m=[32m"lucide lucide-lock absolute left-3 top-1/2 transform -translate-y-1/2 h-5 w-5 text-gray-400"[31m
                    [33mfill[31m=[32m"none"[31m
                    [33mheight[31m=[32m"24"[31m
                    [33mstroke[31m=[32m"currentColor"[31m
                    [33mstroke-linecap[31m=[32m"round"[31m
                    [33mstroke-linejoin[31m=[32m"round"[31m
                    [33mstroke-width[31m=[32m"2"[31m
                    [33mviewBox[31m=[32m"0 0 24 24"[31m
                    [33mwidth[31m=[32m"24"[31m
                    [33mxmlns[31m=[32m"http://www.w3.org/2000/svg"[31m
                  [36m>[31m
                    [36m<rect[31m
                      [33mheight[31m=[32m"11"[31m
                      [33mrx[31m=[32m"2"[31m
                      [33mry[31m=[32m"2"[31m
                      [33mwidth[31m=[32m"18"[31m
                      [33mx[31m=[32m"3"[31m
                      [33my[31m=[32m"11"[31m
                    [36m/>[31m
                    [36m<path[31m
                      [33md[31m=[32m"M7 11V7a5 5 0 0 1 10 0v4"[31m
                    [36m/>[31m
                  [36m</svg>[31m
                  [36m<input[31m
                    [33mautocomplete[31m=[32m"current-password"[31m
                    [33mclass[31m=[32m"pl-10 pr-10 block w-full rounded-lg border border-gray-300 focus:ring-blue-500 px-3 py-3 placeholder-gray-400 focus:outline-none focus:ring-2 focus:border-transparent"[31m
                    [33mid[31m=[32m"password"[31m
                    [33mname[31m=[32m"password"[31m
                    [33mplaceholder[31m=[32m"Enter your password"[31m
                    [33mtype[31m=[32m"password"[31m
                    [33mvalue[31m=[32m"password123"[31m
                  [36m/>[31m
                  [36m<button[31m
                    [33mclass[31m=[32m"absolute right-3 top-1/2 transform -translate-y-1/2 text-gray-400 hover:text-gray-600"[31m
                    [33mtype[31m=[32m"button"[31m
                  [36m>[31m
                    [36m<svg[31m
                      [33mclass[31m=[32m"lucide lucide-eye h-5 w-5"[31m
                      [33mfill[31m=[32m"none"[31m
                      [33mheight[31m=[32m"24"[31m
                      [33mstroke[31m=[32m"currentColor"[31m
                      [33mstroke-linecap[31m=[32m"round"[31m
                      [33mstroke-linejoin[31m=[32m"round"[31m
                      [33mstroke-width[31m=[32m"2"[31m
                      [33mviewBox[31m=[32m"0 0 24 24"[31m
                      [33mwidth[31m=[32m"24"[31m
                      [33mxmlns[31m=[32m"http://www.w3.org/2000/svg"[31m
                    [36m>[31m
                      [36m<path[31m
                        [33md[31m=[32m"M2 12s3-7 10-7 10 7 10 7-3 7-10 7-10-7-10-7Z"[31m
                      [36m/>[31m
                      [36m<circle[31m
                        [33mcx[31m=[32m"12"[31m
                        [33mcy[31m=[32m"12"[31m
                        [33mr[31m=[32m"3"[31m
                      [36m/>[31m
                    [36m</svg>[31m
                  [36m</button>[31m
                [36m</div>[31m
              [36m</div>[31m
              [36m<div[31m
                [33mclass[31m=[32m"flex items-center justify-between"[31m
              [36m>[31m
                [36m<div[31m
                  [33mclass[31m=[32m"flex items-center"[31m
                [36m>[31m
                  [36m<input[31m
                    [33mclass[31m=[32m"h-4 w-4 text-blue-600 focus:ring-blue-500 border-gray-300 rounded"[31m
                    [33mid[31m=[32m"remember-me"[31m
                    [33mname[31m=[32m"remember-me"[31m
                    [33mtype[31m=[32m"checkbox"[31m
                  [36m/>[31m
                  [36m<label[31m
                    [33mclass[31m=[32m"ml-2 block text-sm text-gray-700"[31m
                    [33mfor[31m=[32m"remember-me"[31m
                  [36m>[31m
                    [0mRemember me[0m
                  [36m</label>[31m
                [36m</div>[31m
                [36m<div[31m
                  [33mclass[31m=[32m"text-sm"[31m
                [36m>[31m
                  [36m<a[31m
                    [33mclass[31m=[32m"font-medium text-blue-600 hover:text-blue-500 transition-colors"[31m
                    [33mhref[31m=[32m"#"[31m
                  [36m>[31m
                    [0mForgot your password?[0m
                  [36m</a>[31m
                [36m</div>[31m
              [36m</div>[31m
              [36m<button[31m
                [33mclass[31m=[32m"group relative w-full flex justify-center py-3 px-4 border border-transparent text-sm font-medium rounded-lg text-white bg-blue-600 hover:bg-blue-700 focus:outline-none focus:ring-2 focus:ring-offset-2 focus:ring-blue-500 disabled:opacity-50 disabled:cursor-not-allowed transition-colors"[31m
                [33mdisabled[31m=[32m""[31m
                [33mtype[31m=[32m"submit"[31m
              [36m>[31m
                [36m<div[31m
                  [33mclass[31m=[32m"flex items-center space-x-2"[31m
                [36m>[31m
                  [36m<div[31m
                    [33mclass[31m=[32m"animate-spin rounded-full h-4 w-4 border-b-2 border-white"[31m
                  [36m/>[31m
                  [36m<span>[31m
                    [0mSigning in...[0m
                  [36m</span>[31m
                [36m</div>[31m
              [36m</button>[31m
            [36m</form>[31m
          [36m</div>[31m
        [36m</div>[31m
      [36m</div>[31m
      [36m<div[31m
        [33mclass[31m=[32m"fixed top-20 right-4 z-50 space-y-2"[31m
      [36m/>[31m
    [36m</div>[31m
  [36m</body>[31m
[36m</html>[31m[39m

[31mΓÄ»ΓÄ»ΓÄ»ΓÄ»ΓÄ»ΓÄ»ΓÄ»[39m[1m[
41m Failed Tests 4 [49m[22m[31mΓÄ»
ΓÄ»ΓÄ»ΓÄ»ΓÄ»ΓÄ»ΓÄ»[39m

[41m[1m FAIL [22m[49m 
src/test/components.test.tsx[2m > 
[22mComponent Integration Tests[2m 
> [22mLogin Component[2m > 
[22mshould show demo credentials
[31m[1mTestingLibraryElementError[
22m[39m: Unable to find an element 
with the text: /demo credentials/i. 
This could be because the text is 
broken up by multiple elements. In 
this case, you can provide a 
function for your text matcher to 
make your matcher more flexible.

Ignored nodes: comments, script, 
style
[36m<body>[39m
  [36m<div>[39m
    [36m<div[39m
      [33mclass[39m=[32m"min-h-[ca
lc(100vh-120px)] flex items-center 
justify-center py-12 px-4 sm:px-6 
lg:px-8"[39m
    [36m>[39m
      [36m<div[39m
        
[33mclass[39m=[32m"max-w-md 
w-full space-y-8"[39m
      [36m>[39m
        [36m<div>[39m
          [36m<div[39m
            
[33mclass[39m=[32m"flex 
justify-center"[39m
          [36m>[39m
            [36m<svg[39m
              
[33mclass[39m=[32m"lucide 
lucide-heart h-12 w-12 
text-blue-600"[39m
              
[33mfill[39m=[32m"none"[39m
              
[33mheight[39m=[32m"24"[39m
              [33mstroke[39m=[32m"
currentColor"[39m
              [33mstroke-linecap[39
m=[32m"round"[39m
              [33mstroke-linejoin[3
9m=[32m"round"[39m
              
[33mstroke-width[39m=[32m"2"[39m
              
[33mviewBox[39m=[32m"0 0 24 
24"[39m
              
[33mwidth[39m=[32m"24"[39m
              [33mxmlns[39m=[32m"h
ttp://www.w3.org/2000/svg"[39m
            [36m>[39m
              [36m<path[39m
                
[33md[39m=[32m"M19 14c1.49-1.46 
3-3.21 3-5.5A5.5 5.5 0 0 0 16.5 
3c-1.76 0-3 .5-4.5 
2-1.5-1.5-2.74-2-4.5-2A5.5 5.5 0 0 0 
2 8.5c0 2.3 1.5 4.05 3 5.5l7 7Z"[39m
              [36m/>[39m
            [36m</svg>[39m
          [36m</div>[39m
          [36m<h2[39m
            
[33mclass[39m=[32m"mt-6 
text-center text-3xl font-extrabold 
text-gray-900"[39m
          [36m>[39m
            [0mSign in to your 
account[0m
          [36m</h2>[39m
          [36m<p[39m
            
[33mclass[39m=[32m"mt-2 
text-center text-sm 
text-gray-600"[39m
          [36m>[39m
            [0mOr[0m
            [0m [0m
            [36m<a[39m
              
[33mclass[39m=[32m"font-medium 
text-blue-600 hover:text-blue-500 
transition-colors"[39m
              [33mdata-discover[39m
=[32m"true"[39m
              
[33mhref[39m=[32m"/register"[39m
            [36m>[39m
              [0mcreate a new 
account[0m
            [36m</a>[39m
          [36m</p>[39m
        [36m</div>[39m
        [36m<div[39m
          
[33mclass[39m=[32m"bg-white 
rounded-xl shadow-md border 
border-gray-200 p-8"[39m
        [36m>[39m
          [36m<form[39m
            
[33mclass[39m=[32m"space-y-6"[39m
          [36m>[39m
            [36m<div>[39m
              [36m<label[39m
                
[33mclass[39m=[32m"block text-sm 
font-medium text-gray-700 mb-2"[39m
                
[33mfor[39m=[32m"email"[39m
              [36m>[39m
                [0mEmail Address[0m
              [36m</label>[39m
              [36m<div[39m
                
[33mclass[39m=[32m"relative"[39m
              [36m>[39m
                [36m<svg[39m
                  
[33mclass[39m=[32m"lucide 
lucide-mail absolute left-3 top-1/2 
transform -translate-y-1/2 h-5 w-5 
text-gray-400"[39m
                  
[33mfill[39m=[32m"none"[39m
                  
[33mheight[39m=[32m"24"[39m
                  [33mstroke[39m=[
32m"currentColor"[39m
                  [33mstroke-linecap
[39m=[32m"round"[39m
                  [33mstroke-linejoi
n[39m=[32m"round"[39m
                  
[33mstroke-width[39m=[32m"2"[39m
                  
[33mviewBox[39m=[32m"0 0 24 
24"[39m
                  
[33mwidth[39m=[32m"24"[39m
                  [33mxmlns[39m=[3
2m"http://www.w3.org/2000/svg"[39m
                [36m>[39m
                  [36m<rect[39m
                    
[33mheight[39m=[32m"16"[39m
                    
[33mrx[39m=[32m"2"[39m
                    
[33mwidth[39m=[32m"20"[39m
                    
[33mx[39m=[32m"2"[39m
                    
[33my[39m=[32m"4"[39m
                  [36m/>[39m
                  [36m<path[39m
                    
[33md[39m=[32m"m22 7-8.97 
5.7a1.94 1.94 0 0 1-2.06 0L2 7"[39m
                  [36m/>[39m
                [36m</svg>[39m
                [36m<input[39m
                  [33mautocomplete[
39m=[32m"email"[39m
                  
[33mclass[39m=[32m"pl-10 block 
w-full rounded-lg border 
border-gray-300 focus:ring-blue-500 
px-3 py-3 placeholder-gray-400 
focus:outline-none focus:ring-2 
focus:border-transparent"[39m
                  
[33mid[39m=[32m"email"[39m
                  
[33mname[39m=[32m"email"[39m
                  
[33mplaceholder[39m=[32m"Enter 
your email"[39m
                  
[33mtype[39m=[32m"email"[39m
                  
[33mvalue[39m=[32m""[39m
                [36m/>[39m
              [36m</div>[39m
            [36m</div>[39m
            [36m<div>[39m
              [36m<label[39m
                
[33mclass[39m=[32m"block text-sm 
font-medium text-gray-700 mb-2"[39m
                
[33mfor[39m=[32m"password"[39m
              [36m>[39m
                [0mPassword[0m
              [36m</label>[39m
              [36m<div[39m
                
[33mclass[39m=[32m"relative"[39m
              [36m>[39m
                [36m<svg[39m
                  
[33mclass[39m=[32m"lucide 
lucide-lock absolute left-3 top-1/2 
transform -translate-y-1/2 h-5 w-5 
text-gray-400"[39m
                  
[33mfill[39m=[32m"none"[39m
                  
[33mheight[39m=[32m"24"[39m
                  [33mstroke[39m=[
32m"currentColor"[39m
                  [33mstroke-linecap
[39m=[32m"round"[39m
                  [33mstroke-linejoi
n[39m=[32m"round"[39m
                  
[33mstroke-width[39m=[32m"2"[39m
                  
[33mviewBox[39m=[32m"0 0 24 
24"[39m
                  
[33mwidth[39m=[32m"24"[39m
                  [33mxmlns[39m=[3
2m"http://www.w3.org/2000/svg"[39m
                [36m>[39m
                  [36m<rect[39m
                    
[33mheight[39m=[32m"11"[39m
                    
[33mrx[39m=[32m"2"[39m
                    
[33mry[39m=[32m"2"[39m
                    
[33mwidth[39m=[32m"18"[39m
                    
[33mx[39m=[32m"3"[39m
                    
[33my[39m=[32m"11"[39m
                  [36m/>[39m
                  [36m<path[39m
                    
[33md[39m=[32m"M7 11V7a5 5 0 0 1 
10 0v4"[39m
                  [36m/>[39m
                [36m</svg>[39m
                [36m<input[39m
                  [33mautocomplete[
39m=[32m"current-password"[39m
                  
[33mclass[39m=[32m"pl-10 pr-10 
block w-full rounded-lg border 
border-gray-300 focus:ring-blue-500 
px-3 py-3 placeholder-gray-400 
focus:outline-none focus:ring-2 
focus:border-transparent"[39m
                  
[33mid[39m=[32m"password"[39m
                  
[33mname[39m=[32m"password"[39m
                  
[33mplaceholder[39m=[32m"Enter 
your password"[39m
                  
[33mtype[39m=[32m"password"[39m
                  
[33mvalue[39m=[32m""[39m
                [36m/>[39m
                [36m<button[39m
                  
[33mclass[39m=[32m"absolute 
right-3 top-1/2 transform 
-translate-y-1/2 text-gray-400 
hover:text-gray-600"[39m
                  
[33mtype[39m=[32m"button"[39m
                [36m>[39m
                  [36m<svg[39m
                    
[33mclass[39m=[32m"lucide 
lucide-eye h-5 w-5"[39m
                    
[33mfill[39m=[32m"none"[39m
                    
[33mheight[39m=[32m"24"[39m
                    [33mstroke[39m=
[32m"currentColor"[39m
                    [33mstroke-linec
ap[39m=[32m"round"[39m
                    [33mstroke-linej
oin[39m=[32m"round"[39m
                    
[33mstroke-width[39m=[32m"2"[39m
                    
[33mviewBox[39m=[32m"0 0 24 
24"[39m
                    
[33mwidth[39m=[32m"24"[39m
                    [33mxmlns[39m=
[32m"http://www.w3.org/2000/svg"[39m
                  [36m>[39m
                    [36m<path[39m
                      
[33md[39m=[32m"M2 12s3-7 10-7 10 
7 10 7-3 7-10 7-10-7-10-7Z"[39m
                    [36m/>[39m
                    [36m<circle[39m
                      
[33mcx[39m=[32m"12"[39m
                      
[33mcy[39m=[32m"12"[39m
                      
[33mr[39m=[32m"3"[39m
                    [36m/>[39m
                  [36m</svg>[39m
                [36m</button>[39m
              [36m</div>[39m
            [36m</div>[39m
            [36m<div[39m
              
[33mclass[39m=[32m"flex 
items-center justify-between"[39m
            [36m>[39m
              [36m<div[39m
                
[33mclass[39m=[32m"flex 
items-center"[39m
              [36m>[39m
                [36m<input[39m
                  
[33mclass[39m=[32m"h-4 w-4 
text-blue-600 focus:ring-blue-500 
border-gray-300 rounded"[39m
                  
[33mid[39m=[32m"remember-me"[39m
                  [33mname[39m=[32
m"remember-me"[39m
                  
[33mtype[39m=[32m"checkbox"[39m
                [36m/>[39m
                [36m<label[39m
                  
[33mclass[39m=[32m"ml-2 block 
text-sm text-gray-700"[39m
                  
[33mfor[39m=[32m"remember-me"[39m
                [36m>[39m
                  [0mRemember me[0m
                [36m</label>[39m
              [36m</div>[39m
              [36m<div[39m
                
[33mclass[39m=[32m"text-sm"[39m
              [36m>[39m
                [36m<a[39m
                  
[33mclass[39m=[32m"font-medium 
text-blue-600 hover:text-blue-500 
transition-colors"[39m
                  
[33mhref[39m=[32m"#"[39m
                [36m>[39m
                  [0mForgot your 
password?[0m
                [36m</a>[39m
              [36m</div>[39m
            [36m</div>[39m
            [36m<button[39m
              
[33mclass[39m=[32m"group relative 
w-full flex justify-center py-3 px-4 
border border-transparent text-sm 
font-medium rounded-lg text-white 
bg-blue-600 hover:bg-blue-700 
focus:outline-none focus:ring-2 
focus:ring-offset-2 
focus:ring-blue-500 
disabled:opacity-50 
disabled:cursor-not-allowed 
transition-colors"[39m
              
[33mtype[39m=[32m"submit"[39m
            [36m>[39m
              [0mSign in[0m
            [36m</button>[39m
          [36m</form>[39m
        [36m</div>[39m
      [36m</div>[39m
    [36m</div>[39m
    [36m<div[39m
      [33mclass[39m=[32m"fixed 
top-20 right-4 z-50 space-y-2"[39m
    [36m/>[39m
  [36m</div>[39m
[36m</body>[39m
[90m [2mΓ¥»[22m 
Object.getElementError node_modules/@
testing-library/dom/dist/config.js:[
2m37:19[22m[39m
[90m [2mΓ¥»[22m node_modules/@test
ing-library/dom/dist/query-helpers.js
:[2m76:38[22m[39m
[90m [2mΓ¥»[22m node_modules/@test
ing-library/dom/dist/query-helpers.js
:[2m52:17[22m[39m
[90m [2mΓ¥»[22m node_modules/@test
ing-library/dom/dist/query-helpers.js
:[2m95:19[22m[39m
[36m [2mΓ¥»[22m src/test/component
s.test.tsx:[2m74:21[22m[39m
    [90m 72| [39m      [34mrender
[39m([33m<[39m[33mLogin[39m 
[33m/[39m[33m>[39m)[33m;[39m
    [90m 73| [39m      
    [90m 74| [39m      
expect(screen.getByText(/demo 
credentials/i)).toBeInTheDocument(ΓÇª
    [90m   | [39m                  
  [31m^[39m
    [90m 75| [39m      expect(scree
n.getByText(/patient@demo.com/i)).toB
eInTheDocument(ΓÇª
    [90m 76| [39m      [34mexpect
[39m(screen[33m.[39m[34mgetByText
[39m([36m/doctor@demo.com/i[39m))[
33m.[39m[34mtoBeInTheDocument[39m(
)[33m;[39m

[31m[2mΓÄ»ΓÄ»ΓÄ»ΓÄ»ΓÄ»ΓÄ»ΓÄ»ΓÄ»ΓÄ»Γ
Ä»ΓÄ»ΓÄ»ΓÄ»ΓÄ»ΓÄ»ΓÄ»ΓÄ»ΓÄ»ΓÄ»ΓÄ»ΓÄ»ΓÄ
»ΓÄ»ΓÄ»[1/4]ΓÄ»[22m[39m

[41m[1m FAIL [22m[49m 
src/test/components.test.tsx[2m > 
[22mComponent Integration Tests[2m 
> [22mLogin Component[2m > 
[22mshould handle login errors
[31m[1mTestingLibraryElementError[
22m[39m: Unable to find an element 
with the text: /invalid email or 
password/i. This could be because 
the text is broken up by multiple 
elements. In this case, you can 
provide a function for your text 
matcher to make your matcher more 
flexible.

Ignored nodes: comments, script, 
style
[36m<body>[39m
  [36m<div>[39m
    [36m<div[39m
      [33mclass[39m=[32m"min-h-[ca
lc(100vh-120px)] flex items-center 
justify-center py-12 px-4 sm:px-6 
lg:px-8"[39m
    [36m>[39m
      [36m<div[39m
        
[33mclass[39m=[32m"max-w-md 
w-full space-y-8"[39m
      [36m>[39m
        [36m<div>[39m
          [36m<div[39m
            
[33mclass[39m=[32m"flex 
justify-center"[39m
          [36m>[39m
            [36m<svg[39m
              
[33mclass[39m=[32m"lucide 
lucide-heart h-12 w-12 
text-blue-600"[39m
              
[33mfill[39m=[32m"none"[39m
              
[33mheight[39m=[32m"24"[39m
              [33mstroke[39m=[32m"
currentColor"[39m
              [33mstroke-linecap[39
m=[32m"round"[39m
              [33mstroke-linejoin[3
9m=[32m"round"[39m
              
[33mstroke-width[39m=[32m"2"[39m
              
[33mviewBox[39m=[32m"0 0 24 
24"[39m
              
[33mwidth[39m=[32m"24"[39m
              [33mxmlns[39m=[32m"h
ttp://www.w3.org/2000/svg"[39m
            [36m>[39m
              [36m<path[39m
                
[33md[39m=[32m"M19 14c1.49-1.46 
3-3.21 3-5.5A5.5 5.5 0 0 0 16.5 
3c-1.76 0-3 .5-4.5 
2-1.5-1.5-2.74-2-4.5-2A5.5 5.5 0 0 0 
2 8.5c0 2.3 1.5 4.05 3 5.5l7 7Z"[39m
              [36m/>[39m
            [36m</svg>[39m
          [36m</div>[39m
          [36m<h2[39m
            
[33mclass[39m=[32m"mt-6 
text-center text-3xl font-extrabold 
text-gray-900"[39m
          [36m>[39m
            [0mSign in to your 
account[0m
          [36m</h2>[39m
          [36m<p[39m
            
[33mclass[39m=[32m"mt-2 
text-center text-sm 
text-gray-600"[39m
          [36m>[39m
            [0mOr[0m
            [0m [0m
            [36m<a[39m
              
[33mclass[39m=[32m"font-medium 
text-blue-600 hover:text-blue-500 
transition-colors"[39m
              [33mdata-discover[39m
=[32m"true"[39m
              
[33mhref[39m=[32m"/register"[39m
            [36m>[39m
              [0mcreate a new 
account[0m
            [36m</a>[39m
          [36m</p>[39m
        [36m</div>[39m
        [36m<div[39m
          
[33mclass[39m=[32m"bg-white 
rounded-xl shadow-md border 
border-gray-200 p-8"[39m
        [36m>[39m
          [36m<form[39m
            
[33mclass[39m=[32m"space-y-6"[39m
          [36m>[39m
            [36m<div>[39m
              [36m<label[39m
                
[33mclass[39m=[32m"block text-sm 
font-medium text-gray-700 mb-2"[39m
                
[33mfor[39m=[32m"email"[39m
              [36m>[39m
                [0mEmail Address[0m
              [36m</label>[39m
              [36m<div[39m
                
[33mclass[39m=[32m"relative"[39m
              [36m>[39m
                [36m<svg[39m
                  
[33mclass[39m=[32m"lucide 
lucide-mail absolute left-3 top-1/2 
transform -translate-y-1/2 h-5 w-5 
text-gray-400"[39m
                  
[33mfill[39m=[32m"none"[39m
                  
[33mheight[39m=[32m"24"[39m
                  [33mstroke[39m=[
32m"currentColor"[39m
                  [33mstroke-linecap
[39m=[32m"round"[39m
                  [33mstroke-linejoi
n[39m=[32m"round"[39m
                  
[33mstroke-width[39m=[32m"2"[39m
                  
[33mviewBox[39m=[32m"0 0 24 
24"[39m
                  
[33mwidth[39m=[32m"24"[39m
                  [33mxmlns[39m=[3
2m"http://www.w3.org/2000/svg"[39m
                [36m>[39m
                  [36m<rect[39m
                    
[33mheight[39m=[32m"16"[39m
                    
[33mrx[39m=[32m"2"[39m
                    
[33mwidth[39m=[32m"20"[39m
                    
[33mx[39m=[32m"2"[39m
                    
[33my[39m=[32m"4"[39m
                  [36m/>[39m
                  [36m<path[39m
                    
[33md[39m=[32m"m22 7-8.97 
5.7a1.94 1.94 0 0 1-2.06 0L2 7"[39m
                  [36m/>[39m
                [36m</svg>[39m
                [36m<input[39m
                  [33mautocomplete[
39m=[32m"email"[39m
                  
[33mclass[39m=[32m"pl-10 block 
w-full rounded-lg border 
border-gray-300 focus:ring-blue-500 
px-3 py-3 placeholder-gray-400 
focus:outline-none focus:ring-2 
focus:border-transparent"[39m
                  
[33mid[39m=[32m"email"[39m
                  
[33mname[39m=[32m"email"[39m
                  
[33mplaceholder[39m=[32m"Enter 
your email"[39m
                  
[33mtype[39m=[32m"email"[39m
                  [33mvalue[39m=[3
2m"nonexistent@test.com"[39m
                [36m/>[39m
              [36m</div>[39m
            [36m</div>[39m
            [36m<div>[39m
              [36m<label[39m
                
[33mclass[39m=[32m"block text-sm 
font-medium text-gray-700 mb-2"[39m
                
[33mfor[39m=[32m"password"[39m
              [36m>[39m
                [0mPassword[0m
              [36m</label>[39m
              [36m<div[39m
                
[33mclass[39m=[32m"relative"[39m
              [36m>[39m
                [36m<svg[39m
                  
[33mclass[39m=[32m"lucide 
lucide-lock absolute left-3 top-1/2 
transform -translate-y-1/2 h-5 w-5 
text-gray-400"[39m
                  
[33mfill[39m=[32m"none"[39m
                  
[33mheight[39m=[32m"24"[39m
                  [33mstroke[39m=[
32m"currentColor"[39m
                  [33mstroke-linecap
[39m=[32m"round"[39m
                  [33mstroke-linejoi
n[39m=[32m"round"[39m
                  
[33mstroke-width[39m=[32m"2"[39m
                  
[33mviewBox[39m=[32m"0 0 24 
24"[39m
                  
[33mwidth[39m=[32m"24"[39m
                  [33mxmlns[39m=[3
2m"http://www.w3.org/2000/svg"[39m
                [36m>[39m
                  [36m<rect[39m
                    
[33mheight[39m=[32m"11"[39m
                    
[33mrx[39m=[32m"2"[39m
                    
[33mry[39m=[32m"2"[39m
                    
[33mwidth[39m=[32m"18"[39m
                    
[33mx[39m=[32m"3"[39m
                    
[33my[39m=[32m"11"[39m
                  [36m/>[39m
                  [36m<path[39m
                    
[33md[39m=[32m"M7 11V7a5 5 0 0 1 
10 0v4"[39m
                  [36m/>[39m
                [36m</svg>[39m
                [36m<input[39m
                  [33mautocomplete[
39m=[32m"current-password"[39m
                  
[33mclass[39m=[32m"pl-10 pr-10 
block w-full rounded-lg border 
border-gray-300 focus:ring-blue-500 
px-3 py-3 placeholder-gray-400 
focus:outline-none focus:ring-2 
focus:border-transparent"[39m
                  
[33mid[39m=[32m"password"[39m
                  
[33mname[39m=[32m"password"[39m
                  
[33mplaceholder[39m=[32m"Enter 
your password"[39m
                  
[33mtype[39m=[32m"password"[39m
                  [33mvalue[39m=[3
2m"wrongpassword"[39m
                [36m/>[39m
                [36m<button[39m
                  
[33mclass[39m=[32m"absolute 
right-3 top-1/2 transform 
-translate-y-1/2 text-gray-400 
hover:text-gray-600"[39m
                  
[33mtype[39m=[32m"button"[39m
                [36m>[39m
                  [36m<svg[39m
                    
[33mclass[39m=[32m"lucide 
lucide-eye h-5 w-5"[39m
                    
[33mfill[39m=[32m"none"[39m
                    
[33mheight[39m=[32m"24"[39m
                    [33mstroke[39m=
[32m"currentColor"[39m
                    [33mstroke-linec
ap[39m=[32m"round"[39m
                    [33mstroke-linej
oin[39m=[32m"round"[39m
                    
[33mstroke-width[39m=[32m"2"[39m
                    
[33mviewBox[39m=[32m"0 0 24 
24"[39m
                    
[33mwidth[39m=[32m"24"[39m
                    [33mxmlns[39m=
[32m"http://www.w3.org/2000/svg"[39m
                  [36m>[39m
                    [36m<path[39m
                      
[33md[39m=[32m"M2 12s3-7 10-7 10 
7 10 7-3 7-10 7-10-7-10-7Z"[39m
                    [36m/>[39m
                    [36m<circle[39m
                      
[33mcx[39m=[32m"12"[39m
                      
[33mcy[39m=[32m"12"[39m
                      
[33mr[39m=[32m"3"[39m
                    [36m/>[39m
                  [36m</svg>[39m
                [36m</button>[39m
              [36m</div>[39m
            [36m</div>[39m
            [36m<div[39m
              
[33mclass[39m=[32m"flex 
items-center justify-between"[39m
            [36m>[39m
              [36m<div[39m
                
[33mclass[39m=[32m"flex 
items-center"[39m
              [36m>[39m
                [36m<input[39m
                  
[33mclass[39m=[32m"h-4 w-4 
text-blue-600 focus:ring-blue-500 
border-gray-300 rounded"[39m
                  
[33mid[39m=[32m"remember-me"[39m
                  [33mname[39m=[32
m"remember-me"[39m
                  
[33mtype[39m=[32m"checkbox"[39m
                [36m/>[39m
                [36m<label[39m
                  
[33mclass[39m=[32m"ml-2 block 
text-sm text-gray-700"[39m
                  
[33mfor[39m=[32m"remember-me"[39m
                [36m>[39m
                  [0mRemember me[0m
                [36m</label>[39m
              [36m</div>[39m
              [36m<div[39m
                
[33mclass[39m=[32m"text-sm"[39m
              [36m>[39m
                [36m<a[39m
                  
[33mclass[39m=[32m"font-medium 
text-blue-600 hover:text-blue-500 
transition-colors"[39m
                  
[33mhref[39m=[32m"#"[39m
                [36m>[39m
                  [0mForgot your 
password?[0m
                [36m</a>[39m
              [36m</div>[39m
            [36m</div>[39m
            [36m<button[39m
              
[33mclass[39m=[32m"group relative 
w-full flex justify-center py-3 px-4 
border border-transparent text-sm 
font-medium rounded-lg text-white 
bg-blue-600 hover:bg-blue-700 
focus:outline-none focus:ring-2 
focus:ring-offset-2 
focus:ring-blue-500 
disabled:opacity-50 
disabled:cursor-not-allowed 
transition-colors"[39m
              
[33mdisabled[39m=[32m""[39m
              
[33mtype[39m=[32m"submit"[39m
            [36m>[39m
              [36m<div[39m
                
[33mclass[39m=[32m"flex 
items-center space-x-2"[39m
              [36m>[39m
                [36m<div[39m
                  
[33mclass[39m=[32m"animate-spin 
rounded-full h-4 w-4 border-b-2 
border-white"[39m
                [36m/>[39m
                [36m<span>[39m
                  [0mSigning 
in...[0m
                [36m</span>[39m
              [36m</div>[39m
            [36m</button>[39m
          [36m</form>[39m
        [36m</div>[39m
      [36m</div>[39m
    [36m</div>[39m
    [36m<div[39m
      [33mclass[39m=[32m"fixed 
top-20 right-4 z-50 space-y-2"[39m
    [36m/>[39m
  [36m</div>[39m
[36m</body>[39m

Ignored nodes: comments, script, 
style
[36m<html>[39m
  [36m<head />[39m
  [36m<body>[39m
    [36m<div>[39m
      [36m<div[39m
        [33mclass[39m=[32m"min-h-[
calc(100vh-120px)] flex items-center 
justify-center py-12 px-4 sm:px-6 
lg:px-8"[39m
      [36m>[39m
        [36m<div[39m
          
[33mclass[39m=[32m"max-w-md 
w-full space-y-8"[39m
        [36m>[39m
          [36m<div>[39m
            [36m<div[39m
              
[33mclass[39m=[32m"flex 
justify-center"[39m
            [36m>[39m
              [36m<svg[39m
                
[33mclass[39m=[32m"lucide 
lucide-heart h-12 w-12 
text-blue-600"[39m
                
[33mfill[39m=[32m"none"[39m
                
[33mheight[39m=[32m"24"[39m
                [33mstroke[39m=[32
m"currentColor"[39m
                [33mstroke-linecap[
39m=[32m"round"[39m
                [33mstroke-linejoin
[39m=[32m"round"[39m
                
[33mstroke-width[39m=[32m"2"[39m
                
[33mviewBox[39m=[32m"0 0 24 
24"[39m
                
[33mwidth[39m=[32m"24"[39m
                [33mxmlns[39m=[32m
"http://www.w3.org/2000/svg"[39m
              [36m>[39m
                [36m<path[39m
                  
[33md[39m=[32m"M19 14c1.49-1.46 
3-3.21 3-5.5A5.5 5.5 0 0 0 16.5 
3c-1.76 0-3 .5-4.5 
2-1.5-1.5-2.74-2-4.5-2A5.5 5.5 0 0 0 
2 8.5c0 2.3 1.5 4.05 3 5.5l7 7Z"[39m
                [36m/>[39m
              [36m</svg>[39m
            [36m</div>[39m
            [36m<h2[39m
              
[33mclass[39m=[32m"mt-6 
text-center text-3xl font-extrabold 
text-gray-900"[39m
            [36m>[39m
              [0mSign in to your 
account[0m
            [36m</h2>[39m
            [36m<p[39m
              
[33mclass[39m=[32m"mt-2 
text-center text-sm 
text-gray-600"[39m
            [36m>[39m
              [0mOr[0m
              [0m [0m
              [36m<a[39m
                
[33mclass[39m=[32m"font-medium 
text-blue-600 hover:text-blue-500 
transition-colors"[39m
                [33mdata-discover[3
9m=[32m"true"[39m
                
[33mhref[39m=[32m"/register"[39m
              [36m>[39m
                [0mcreate a new 
account[0m
              [36m</a>[39m
            [36m</p>[39m
          [36m</div>[39m
          [36m<div[39m
            
[33mclass[39m=[32m"bg-white 
rounded-xl shadow-md border 
border-gray-200 p-8"[39m
          [36m>[39m
            [36m<form[39m
              
[33mclass[39m=[32m"space-y-6"[39m
            [36m>[39m
              [36m<div>[39m
                [36m<label[39m
                  
[33mclass[39m=[32m"block text-sm 
font-medium text-gray-700 mb-2"[39m
                  
[33mfor[39m=[32m"email"[39m
                [36m>[39m
                  [0mEmail 
Address[0m
                [36m</label>[39m
                [36m<div[39m
                  
[33mclass[39m=[32m"relative"[39m
                [36m>[39m
                  [36m<svg[39m
                    
[33mclass[39m=[32m"lucide 
lucide-mail absolute left-3 top-1/2 
transform -translate-y-1/2 h-5 w-5 
text-gray-400"[39m
                    
[33mfill[39m=[32m"none"[39m
                    
[33mheight[39m=[32m"24"[39m
                    [33mstroke[39m=
[32m"currentColor"[39m
                    [33mstroke-linec
ap[39m=[32m"round"[39m
                    [33mstroke-linej
oin[39m=[32m"round"[39m
                    
[33mstroke-width[39m=[32m"2"[39m
                    
[33mviewBox[39m=[32m"0 0 24 
24"[39m
                    
[33mwidth[39m=[32m"24"[39m
                    [33mxmlns[39m=
[32m"http://www.w3.org/2000/svg"[39m
                  [36m>[39m
                    [36m<rect[39m
                      
[33mheight[39m=[32m"16"[39m
                      
[33mrx[39m=[32m"2"[39m
                      
[33mwidth[39m=[32m"20"[39m
                      
[33mx[39m=[32m"2"[39m
                      
[33my[39m=[32m"4"[39m
                    [36m/>[39m
                    [36m<path[39m
                      
[33md[39m=[32m"m22 7-8.97 
5.7a1.94 1.94 0 0 1-2.06 0L2 7"[39m
                    [36m/>[39m
                  [36m</svg>[39m
                  [36m<input[39m
                    [33mautocomplete
[39m=[32m"email"[39m
                    
[33mclass[39m=[32m"pl-10 block 
w-full rounded-lg border 
border-gray-300 focus:ring-blue-500 
px-3 py-3 placeholder-gray-400 
focus:outline-none focus:ring-2 
focus:border-transparent"[39m
                    
[33mid[39m=[32m"email"[39m
                    
[33mname[39m=[32m"email"[39m
                    
[33mplaceholder[39m=[32m"Enter 
your email"[39m
                    
[33mtype[39m=[32m"email"[39m
                    [33mvalue[39m=
[32m"nonexistent@test.com"[39m
                  [36m/>[39m
                [36m</div>[39m
              [36m</div>[39m
              [36m<div>[39m
                [36m<label[39m
                  
[33mclass[39m=[32m"block text-sm 
font-medium text-gray-700 mb-2"[39m
                  
[33mfor[39m=[32m"password"[39m
                [36m>[39m
                  [0mPassword[0m
                [36m</label>[39m
                [36m<div[39m
                  
[33mclass[39m=[32m"relative"[39m
                [36m>[39m
                  [36m<svg[39m
                    
[33mclass[39m=[32m"lucide 
lucide-lock absolute left-3 top-1/2 
transform -translate-y-1/2 h-5 w-5 
text-gray-400"[39m
                    
[33mfill[39m=[32m"none"[39m
                    
[33mheight[39m=[32m"24"[39m
                    [33mstroke[39m=
[32m"currentColor"[39m
                    [33mstroke-linec
ap[39m=[32m"round"[39m
                    [33mstroke-linej
oin[39m=[32m"round"[39m
                    
[33mstroke-width[39m=[32m"2"[39m
                    
[33mviewBox[39m=[32m"0 0 24 
24"[39m
                    
[33mwidth[39m=[32m"24"[39m
                    [33mxmlns[39m=
[32m"http://www.w3.org/2000/svg"[39m
                  [36m>[39m
                    [36m<rect[39m
                      
[33mheight[39m=[32m"11"[39m
                      
[33mrx[39m=[32m"2"[39m
                      
[33mry[39m=[32m"2"[39m
                      
[33mwidth[39m=[32m"18"[39m
                      
[33mx[39m=[32m"3"[39m
                      
[33my[39m=[32m"11"[39m
                    [36m/>[39m
                    [36m<path[39m
                      
[33md[39m=[32m"M7 11V7a5 5 0 0 1 
10 0v4"[39m
                    [36m/>[39m
                  [36m</svg>[39m
                  [36m<input[39m
                    [33mautocomplete
[39m=[32m"current-password"[39m
                    
[33mclass[39m=[32m"pl-10 pr-10 
block w-full rounded-lg border 
border-gray-300 focus:ring-blue-500 
px-3 py-3 placeholder-gray-400 
focus:outline-none focus:ring-2 
focus:border-transparent"[39m
                    
[33mid[39m=[32m"password"[39m
                    
[33mname[39m=[32m"password"[39m
                    
[33mplaceholder[39m=[32m"Enter 
your password"[39m
                    
[33mtype[39m=[32m"password"[39m
                    [33mvalue[39m=
[32m"wrongpassword"[39m
                  [36m/>[39m
                  [36m<button[39m
                    
[33mclass[39m=[32m"absolute 
right-3 top-1/2 transform 
-translate-y-1/2 text-gray-400 
hover:text-gray-600"[39m
                    
[33mtype[39m=[32m"button"[39m
                  [36m>[39m
                    [36m<svg[39m
                      
[33mclass[39m=[32m"lucide 
lucide-eye h-5 w-5"[39m
                      
[33mfill[39m=[32m"none"[39m
                      
[33mheight[39m=[32m"24"[39m
                      [33mstroke[39
m=[32m"currentColor"[39m
                      [33mstroke-lin
ecap[39m=[32m"round"[39m
                      [33mstroke-lin
ejoin[39m=[32m"round"[39m
                      
[33mstroke-width[39m=[32m"2"[39m
                      
[33mviewBox[39m=[32m"0 0 24 
24"[39m
                      
[33mwidth[39m=[32m"24"[39m
                      [33mxmlns[39m
=[32m"http://www.w3.org/2000/svg"[3
9m
                    [36m>[39m
                      [36m<path[39m
                        
[33md[39m=[32m"M2 12s3-7 10-7 10 
7 10 7-3 7-10 7-10-7-10-7Z"[39m
                      [36m/>[39m
                      
[36m<circle[39m
                        
[33mcx[39m=[32m"12"[39m
                        
[33mcy[39m=[32m"12"[39m
                        
[33mr[39m=[32m"3"[39m
                      [36m/>[39m
                    [36m</svg>[39m
                  [36m</button>[39m
                [36m</div>[39m
              [36m</div>[39m
              [36m<div[39m
                
[33mclass[39m=[32m"flex 
items-center justify-between"[39m
              [36m>[39m
                [36m<div[39m
                  
[33mclass[39m=[32m"flex 
items-center"[39m
                [36m>[39m
                  [36m<input[39m
                    
[33mclass[39m=[32m"h-4 w-4 
text-blue-600 focus:ring-blue-500 
border-gray-300 rounded"[39m
                    
[33mid[39m=[32m"remember-me"[39m
                    [33mname[39m=[
32m"remember-me"[39m
                    
[33mtype[39m=[32m"checkbox"[39m
                  [36m/>[39m
                  [36m<label[39m
                    
[33mclass[39m=[32m"ml-2 block 
text-sm text-gray-700"[39m
                    
[33mfor[39m=[32m"remember-me"[39m
                  [36m>[39m
                    [0mRemember 
me[0m
                  [36m</label>[39m
                [36m</div>[39m
                [36m<div[39m
                  
[33mclass[39m=[32m"text-sm"[39m
                [36m>[39m
                  [36m<a[39m
                    
[33mclass[39m=[32m"font-medium 
text-blue-600 hover:text-blue-500 
transition-colors"[39m
                    
[33mhref[39m=[32m"#"[39m
                  [36m>[39m
                    [0mForgot your 
password?[0m
                  [36m</a>[39m
                [36m</div>[39m
              [36m</div>[39m
              [36m<button[39m
                
[33mclass[39m=[32m"group relative 
w-full flex justify-center py-3 px-4 
border border-transparent text-sm 
font-medium rounded-lg text-white 
bg-blue-600 hover:bg-blue-700 
focus:outline-none focus:ring-2 
focus:ring-offset-2 
focus:ring-blue-500 
disabled:opacity-50 
disabled:cursor-not-allowed 
transition-colors"[39m
                
[33mdisabled[39m=[32m""[39m
                
[33mtype[39m=[32m"submit"[39m
              [36m>[39m
                [36m<div[39m
                  
[33mclass[39m=[32m"flex 
items-center space-x-2"[39m
                [36m>[39m
                  [36m<div[39m
                    
[33mclass[39m=[32m"animate-spin 
rounded-full h-4 w-4 border-b-2 
border-white"[39m
                  [36m/>[39m
                  [36m<span>[39m
                    [0mSigning 
in...[0m
                  [36m</span>[39m
                [36m</div>[39m
              [36m</button>[39m
            [36m</form>[39m
          [36m</div>[39m
        [36m</div>[39m
      [36m</div>[39m
      [36m<div[39m
        [33mclass[39m=[32m"fixed 
top-20 right-4 z-50 space-y-2"[39m
      [36m/>[39m
    [36m</div>[39m
  [36m</body>[39m
[36m</html>[39m
[90m [2mΓ¥»[22m 
Proxy.waitForWrapper node_modules/@te
sting-library/dom/dist/wait-for.js:[
2m163:27[22m[39m
[36m [2mΓ¥»[22m src/test/component
s.test.tsx:[2m136:13[22m[39m
    [90m134| [39m      
[35mawait[39m user[33m.[39m[34mc
lick[39m(submitButton)[33m;[39m
    [90m135| [39m      
    [90m136| [39m      
[35mawait[39m [34mwaitFor[39m(() 
[33m=>[39m {
    [90m   | [39m            
[31m^[39m
    [90m137| [39m        
expect(screen.getByText(/invalid 
email or password/i)).toBeInTΓÇª
    [90m138| [39m      
})[33m;[39m

[31m[2mΓÄ»ΓÄ»ΓÄ»ΓÄ»ΓÄ»ΓÄ»ΓÄ»ΓÄ»ΓÄ»Γ
Ä»ΓÄ»ΓÄ»ΓÄ»ΓÄ»ΓÄ»ΓÄ»ΓÄ»ΓÄ»ΓÄ»ΓÄ»ΓÄ»ΓÄ
»ΓÄ»ΓÄ»[2/4]ΓÄ»[22m[39m

[41m[1m FAIL [22m[49m 
src/test/components.test.tsx[2m > 
[22mComponent Integration Tests[2m 
> [22mMedications Component[2m > 
[22mshould show empty state when no 
medications
[31m[1mTestingLibraryElementError[
22m[39m: Unable to find an element 
with the text: /no medications 
added/i. This could be because the 
text is broken up by multiple 
elements. In this case, you can 
provide a function for your text 
matcher to make your matcher more 
flexible.

Ignored nodes: comments, script, 
style
[36m<body[39m
  [33mstyle[39m=[32m""[39m
[36m>[39m
  [36m<div[39m
    [33maria-atomic[39m=[32m"true"
[39m
    [33maria-live[39m=[32m"polite"
[39m
    [33maria-relevant[39m=[32m"add
itions text"[39m
    
[33mclass[39m=[32m"sr-only"[39m
    [33mstyle[39m=[32m"position: 
absolute; width: 1px !important; 
height: 1px !important; padding: 0px 
!important; margin: -1px !important; 
overflow: hidden; clip: rect(0px, 
0px, 0px, 0px) !important; 
white-space: nowrap; border-width: 
0px !important; border-style: none 
!important; border-color: 
currentcolor !important; 
border-image: none;"[39m
  [36m/>[39m
  [36m<div>[39m
    [36m<div[39m
      
[33mclass[39m=[32m"max-w-7xl 
mx-auto space-y-8"[39m
    [36m>[39m
      [36m<div[39m
        [33mclass[39m=[32m"flex 
items-center justify-between"[39m
      [36m>[39m
        [36m<div>[39m
          [36m<h1[39m
            
[33mclass[39m=[32m"text-3xl 
font-bold text-gray-900"[39m
          [36m>[39m
            [0mMedications[0m
          [36m</h1>[39m
          [36m<p[39m
            
[33mclass[39m=[32m"text-gray-600 
mt-1"[39m
          [36m>[39m
            [0mManage your 
medications and track your 
adherence[0m
          [36m</p>[39m
        [36m</div>[39m
        [36m<button[39m
          [33mclass[39m=[32m"flex 
items-center space-x-2 px-6 py-3 
bg-blue-600 text-white rounded-lg 
hover:bg-blue-700 
transition-colors"[39m
        [36m>[39m
          [36m<svg[39m
            
[33mclass[39m=[32m"lucide 
lucide-plus h-5 w-5"[39m
            
[33mfill[39m=[32m"none"[39m
            
[33mheight[39m=[32m"24"[39m
            [33mstroke[39m=[32m"cu
rrentColor"[39m
            [33mstroke-linecap[39m=
[32m"round"[39m
            [33mstroke-linejoin[39m
=[32m"round"[39m
            
[33mstroke-width[39m=[32m"2"[39m
            
[33mviewBox[39m=[32m"0 0 24 
24"[39m
            
[33mwidth[39m=[32m"24"[39m
            [33mxmlns[39m=[32m"htt
p://www.w3.org/2000/svg"[39m
          [36m>[39m
            [36m<path[39m
              [33md[39m=[32m"M5 
12h14"[39m
            [36m/>[39m
            [36m<path[39m
              [33md[39m=[32m"M12 
5v14"[39m
            [36m/>[39m
          [36m</svg>[39m
          [36m<span>[39m
            [0mAdd Medication[0m
          [36m</span>[39m
        [36m</button>[39m
      [36m</div>[39m
      [36m<div[39m
        [33mclass[39m=[32m"grid 
grid-cols-1 md:grid-cols-4 
gap-6"[39m
      [36m>[39m
        [36m<div[39m
          
[33mclass[39m=[32m"bg-white 
rounded-xl shadow-sm border 
border-gray-200 p-6"[39m
        [36m>[39m
          [36m<div[39m
            
[33mclass[39m=[32m"flex 
items-center space-x-3"[39m
          [36m>[39m
            [36m<svg[39m
              
[33mclass[39m=[32m"lucide 
lucide-pill h-8 w-8 
text-blue-600"[39m
              
[33mfill[39m=[32m"none"[39m
              
[33mheight[39m=[32m"24"[39m
              [33mstroke[39m=[32m"
currentColor"[39m
              [33mstroke-linecap[39
m=[32m"round"[39m
              [33mstroke-linejoin[3
9m=[32m"round"[39m
              
[33mstroke-width[39m=[32m"2"[39m
              
[33mviewBox[39m=[32m"0 0 24 
24"[39m
              
[33mwidth[39m=[32m"24"[39m
              [33mxmlns[39m=[32m"h
ttp://www.w3.org/2000/svg"[39m
            [36m>[39m
              [36m<path[39m
                
[33md[39m=[32m"m10.5 20.5 
10-10a4.95 4.95 0 1 0-7-7l-10 
10a4.95 4.95 0 1 0 7 7Z"[39m
              [36m/>[39m
              [36m<path[39m
                
[33md[39m=[32m"m8.5 8.5 7 7"[39m
              [36m/>[39m
            [36m</svg>[39m
            [36m<div>[39m
              [36m<p[39m
                
[33mclass[39m=[32m"text-sm 
text-gray-600"[39m
              [36m>[39m
                [0mActive 
Medications[0m
              [36m</p>[39m
              [36m<p[39m
                
[33mclass[39m=[32m"text-2xl 
font-bold text-gray-900"[39m
              [36m>[39m
                [0m0[0m
              [36m</p>[39m
            [36m</div>[39m
          [36m</div>[39m
        [36m</div>[39m
        [36m<div[39m
          
[33mclass[39m=[32m"bg-white 
rounded-xl shadow-sm border 
border-gray-200 p-6"[39m
        [36m>[39m
          [36m<div[39m
            
[33mclass[39m=[32m"flex 
items-center space-x-3"[39m
          [36m>[39m
            [36m<svg[39m
              
[33mclass[39m=[32m"lucide 
lucide-trending-up h-8 w-8 
text-green-600"[39m
              
[33mfill[39m=[32m"none"[39m
              
[33mheight[39m=[32m"24"[39m
              [33mstroke[39m=[32m"
currentColor"[39m
              [33mstroke-linecap[39
m=[32m"round"[39m
              [33mstroke-linejoin[3
9m=[32m"round"[39m
              
[33mstroke-width[39m=[32m"2"[39m
              
[33mviewBox[39m=[32m"0 0 24 
24"[39m
              
[33mwidth[39m=[32m"24"[39m
              [33mxmlns[39m=[32m"h
ttp://www.w3.org/2000/svg"[39m
            [36m>[39m
              [36m<polyline[39m
                
[33mpoints[39m=[32m"22 7 13.5 
15.5 8.5 10.5 2 17"[39m
              [36m/>[39m
              [36m<polyline[39m
                
[33mpoints[39m=[32m"16 7 22 7 22 
13"[39m
              [36m/>[39m
            [36m</svg>[39m
            [36m<div>[39m
              [36m<p[39m
                
[33mclass[39m=[32m"text-sm 
text-gray-600"[39m
              [36m>[39m
                [0mAdherence 
Rate[0m
              [36m</p>[39m
              [36m<p[39m
                
[33mclass[39m=[32m"text-2xl 
font-bold text-green-600"[39m
              [36m>[39m
                [0m100[0m
                [0m%[0m
              [36m</p>[39m
            [36m</div>[39m
          [36m</div>[39m
        [36m</div>[39m
        [36m<div[39m
          
[33mclass[39m=[32m"bg-white 
rounded-xl shadow-sm border 
border-gray-200 p-6"[39m
        [36m>[39m
          [36m<div[39m
            
[33mclass[39m=[32m"flex 
items-center space-x-3"[39m
          [36m>[39m
            [36m<svg[39m
              
[33mclass[39m=[32m"lucide 
lucide-clock h-8 w-8 
text-orange-600"[39m
              
[33mfill[39m=[32m"none"[39m
              
[33mheight[39m=[32m"24"[39m
              [33mstroke[39m=[32m"
currentColor"[39m
              [33mstroke-linecap[39
m=[32m"round"[39m
              [33mstroke-linejoin[3
9m=[32m"round"[39m
              
[33mstroke-width[39m=[32m"2"[39m
              
[33mviewBox[39m=[32m"0 0 24 
24"[39m
              
[33mwidth[39m=[32m"24"[39m
              [33mxmlns[39m=[32m"h
ttp://www.w3.org/2000/svg"[39m
            [36m>[39m
              [36m<circle[39m
                
[33mcx[39m=[32m"12"[39m
                
[33mcy[39m=[32m"12"[39m
                
[33mr[39m=[32m"10"[39m
              [36m/>[39m
              [36m<polyline[39m
                
[33mpoints[39m=[32m"12 6 12 12 16 
14"[39m
              [36m/>[39m
            [36m</svg>[39m
            [36m<div>[39m
              [36m<p[39m
                
[33mclass[39m=[32m"text-sm 
text-gray-600"[39m
              [36m>[39m
                [0mNext Dose[0m
              [36m</p>[39m
              [36m<p[39m
                
[33mclass[39m=[32m"text-2xl 
font-bold text-orange-600"[39m
              [36m>[39m
                [0mNone[0m
              [36m</p>[39m
            [36m</div>[39m
          [36m</div>[39m
        [36m</div>[39m
        [36m<div[39m
          
[33mclass[39m=[32m"bg-white 
rounded-xl shadow-sm border 
border-gray-200 p-6"[39m
        [36m>[39m
          [36m<div[39m
            
[33mclass[39m=[32m"flex 
items-center space-x-3"[39m
          [36m>[39m
            [36m<svg[39m
              
[33mclass[39m=[32m"lucide 
lucide-calendar h-8 w-8 
text-purple-600"[39m
              
[33mfill[39m=[32m"none"[39m
              
[33mheight[39m=[32m"24"[39m
              [33mstroke[39m=[32m"
currentColor"[39m
              [33mstroke-linecap[39
m=[32m"round"[39m
              [33mstroke-linejoin[3
9m=[32m"round"[39m
              
[33mstroke-width[39m=[32m"2"[39m
              
[33mviewBox[39m=[32m"0 0 24 
24"[39m
              
[33mwidth[39m=[32m"24"[39m
              [33mxmlns[39m=[32m"h
ttp://www.w3.org/2000/svg"[39m
            [36m>[39m
              [36m<path[39m
                [33md[39m=[32m"M8 
2v4"[39m
              [36m/>[39m
              [36m<path[39m
                
[33md[39m=[32m"M16 2v4"[39m
              [36m/>[39m
              [36m<rect[39m
                
[33mheight[39m=[32m"18"[39m
                
[33mrx[39m=[32m"2"[39m
                
[33mwidth[39m=[32m"18"[39m
                
[33mx[39m=[32m"3"[39m
                
[33my[39m=[32m"4"[39m
              [36m/>[39m
              [36m<path[39m
                [33md[39m=[32m"M3 
10h18"[39m
              [36m/>[39m
            [36m</svg>[39m
            [36m<div>[39m
              [36m<p[39m
                
[33mclass[39m=[32m"text-sm 
text-gray-600"[39m
              [36m>[39m
                [0mDaily Doses[0m
              [36m</p>[39m
              [36m<p[39m
                
[33mclass[39m=[32m"text-2xl 
font-bold text-purple-600"[39m
              [36m>[39m
                [0m0[0m
              [36m</p>[39m
            [36m</div>[39m
          [36m</div>[39m
        [36m</div>[39m
      [36m</div>[39m
      [36m<div[39m
        
[33mclass[39m=[32m"space-y-6"[39m
      [36m/>[39m
    [36m</div>[39m
    [36m<div[39m
      [33mclass[39m=[32m"fixed 
top-20 right-4 z-50 space-y-2"[39m
    [36m/>[39m
  [36m</div>[39m
[36m</body>[39m

Ignored nodes: comments, script, 
style
[36m<html>[39m
  [36m<head />[39m
  [36m<body[39m
    [33mstyle[39m=[32m""[39m
  [36m>[39m
    [36m<div[39m
      [33maria-atomic[39m=[32m"tru
e"[39m
      [33maria-live[39m=[32m"polit
e"[39m
      [33maria-relevant[39m=[32m"a
dditions text"[39m
      
[33mclass[39m=[32m"sr-only"[39m
      
[33mstyle[39m=[32m"position: 
absolute; width: 1px !important; 
height: 1px !important; padding: 0px 
!important; margin: -1px !important; 
overflow: hidden; clip: rect(0px, 
0px, 0px, 0px) !important; 
white-space: nowrap; border-width: 
0px !important; border-style: none 
!important; border-color: 
currentcolor !important; 
border-image: none;"[39m
    [36m/>[39m
    [36m<div>[39m
      [36m<div[39m
        
[33mclass[39m=[32m"max-w-7xl 
mx-auto space-y-8"[39m
      [36m>[39m
        [36m<div[39m
          [33mclass[39m=[32m"flex 
items-center justify-between"[39m
        [36m>[39m
          [36m<div>[39m
            [36m<h1[39m
              
[33mclass[39m=[32m"text-3xl 
font-bold text-gray-900"[39m
            [36m>[39m
              [0mMedications[0m
            [36m</h1>[39m
            [36m<p[39m
              
[33mclass[39m=[32m"text-gray-600 
mt-1"[39m
            [36m>[39m
              [0mManage your 
medications and track your 
adherence[0m
            [36m</p>[39m
          [36m</div>[39m
          [36m<button[39m
            
[33mclass[39m=[32m"flex 
items-center space-x-2 px-6 py-3 
bg-blue-600 text-white rounded-lg 
hover:bg-blue-700 
transition-colors"[39m
          [36m>[39m
            [36m<svg[39m
              
[33mclass[39m=[32m"lucide 
lucide-plus h-5 w-5"[39m
              
[33mfill[39m=[32m"none"[39m
              
[33mheight[39m=[32m"24"[39m
              [33mstroke[39m=[32m"
currentColor"[39m
              [33mstroke-linecap[39
m=[32m"round"[39m
              [33mstroke-linejoin[3
9m=[32m"round"[39m
              
[33mstroke-width[39m=[32m"2"[39m
              
[33mviewBox[39m=[32m"0 0 24 
24"[39m
              
[33mwidth[39m=[32m"24"[39m
              [33mxmlns[39m=[32m"h
ttp://www.w3.org/2000/svg"[39m
            [36m>[39m
              [36m<path[39m
                [33md[39m=[32m"M5 
12h14"[39m
              [36m/>[39m
              [36m<path[39m
                
[33md[39m=[32m"M12 5v14"[39m
              [36m/>[39m
            [36m</svg>[39m
            [36m<span>[39m
              [0mAdd Medication[0m
            [36m</span>[39m
          [36m</button>[39m
        [36m</div>[39m
        [36m<div[39m
          [33mclass[39m=[32m"grid 
grid-cols-1 md:grid-cols-4 
gap-6"[39m
        [36m>[39m
          [36m<div[39m
            
[33mclass[39m=[32m"bg-white 
rounded-xl shadow-sm border 
border-gray-200 p-6"[39m
          [36m>[39m
            [36m<div[39m
              
[33mclass[39m=[32m"flex 
items-center space-x-3"[39m
            [36m>[39m
              [36m<svg[39m
                
[33mclass[39m=[32m"lucide 
lucide-pill h-8 w-8 
text-blue-600"[39m
                
[33mfill[39m=[32m"none"[39m
                
[33mheight[39m=[32m"24"[39m
                [33mstroke[39m=[32
m"currentColor"[39m
                [33mstroke-linecap[
39m=[32m"round"[39m
                [33mstroke-linejoin
[39m=[32m"round"[39m
                
[33mstroke-width[39m=[32m"2"[39m
                
[33mviewBox[39m=[32m"0 0 24 
24"[39m
                
[33mwidth[39m=[32m"24"[39m
                [33mxmlns[39m=[32m
"http://www.w3.org/2000/svg"[39m
              [36m>[39m
                [36m<path[39m
                  
[33md[39m=[32m"m10.5 20.5 
10-10a4.95 4.95 0 1 0-7-7l-10 
10a4.95 4.95 0 1 0 7 7Z"[39m
                [36m/>[39m
                [36m<path[39m
                  
[33md[39m=[32m"m8.5 8.5 7 7"[39m
                [36m/>[39m
              [36m</svg>[39m
              [36m<div>[39m
                [36m<p[39m
                  
[33mclass[39m=[32m"text-sm 
text-gray-600"[39m
                [36m>[39m
                  [0mActive 
Medications[0m
                [36m</p>[39m
                [36m<p[39m
                  
[33mclass[39m=[32m"text-2xl 
font-bold text-gray-900"[39m
                [36m>[39m
                  [0m0[0m
                [36m</p>[39m
              [36m</div>[39m
            [36m</div>[39m
          [36m</div>[39m
          [36m<div[39m
            
[33mclass[39m=[32m"bg-white 
rounded-xl shadow-sm border 
border-gray-200 p-6"[39m
          [36m>[39m
            [36m<div[39m
              
[33mclass[39m=[32m"flex 
items-center space-x-3"[39m
            [36m>[39m
              [36m<svg[39m
                
[33mclass[39m=[32m"lucide 
lucide-trending-up h-8 w-8 
text-green-600"[39m
                
[33mfill[39m=[32m"none"[39m
                
[33mheight[39m=[32m"24"[39m
                [33mstroke[39m=[32
m"currentColor"[39m
                [33mstroke-linecap[
39m=[32m"round"[39m
                [33mstroke-linejoin
[39m=[32m"round"[39m
                
[33mstroke-width[39m=[32m"2"[39m
                
[33mviewBox[39m=[32m"0 0 24 
24"[39m
                
[33mwidth[39m=[32m"24"[39m
                [33mxmlns[39m=[32m
"http://www.w3.org/2000/svg"[39m
              [36m>[39m
                [36m<polyline[39m
                  
[33mpoints[39m=[32m"22 7 13.5 
15.5 8.5 10.5 2 17"[39m
                [36m/>[39m
                [36m<polyline[39m
                  
[33mpoints[39m=[32m"16 7 22 7 22 
13"[39m
                [36m/>[39m
              [36m</svg>[39m
              [36m<div>[39m
                [36m<p[39m
                  
[33mclass[39m=[32m"text-sm 
text-gray-600"[39m
                [36m>[39m
                  [0mAdherence 
Rate[0m
                [36m</p>[39m
                [36m<p[39m
                  
[33mclass[39m=[32m"text-2xl 
font-bold text-green-600"[39m
                [36m>[39m
                  [0m100[0m
                  [0m%[0m
                [36m</p>[39m
              [36m</div>[39m
            [36m</div>[39m
          [36m</div>[39m
          [36m<div[39m
            
[33mclass[39m=[32m"bg-white 
rounded-xl shadow-sm border 
border-gray-200 p-6"[39m
          [36m>[39m
            [36m<div[39m
              
[33mclass[39m=[32m"flex 
items-center space-x-3"[39m
            [36m>[39m
              [36m<svg[39m
                
[33mclass[39m=[32m"lucide 
lucide-clock h-8 w-8 
text-orange-600"[39m
                
[33mfill[39m=[32m"none"[39m
                
[33mheight[39m=[32m"24"[39m
                [33mstroke[39m=[32
m"currentColor"[39m
                [33mstroke-linecap[
39m=[32m"round"[39m
                [33mstroke-linejoin
[39m=[32m"round"[39m
                
[33mstroke-width[39m=[32m"2"[39m
                
[33mviewBox[39m=[32m"0 0 24 
24"[39m
                
[33mwidth[39m=[32m"24"[39m
                [33mxmlns[39m=[32m
"http://www.w3.org/2000/svg"[39m
              [36m>[39m
                [36m<circle[39m
                  
[33mcx[39m=[32m"12"[39m
                  
[33mcy[39m=[32m"12"[39m
                  
[33mr[39m=[32m"10"[39m
                [36m/>[39m
                [36m<polyline[39m
                  
[33mpoints[39m=[32m"12 6 12 12 16 
14"[39m
                [36m/>[39m
              [36m</svg>[39m
              [36m<div>[39m
                [36m<p[39m
                  
[33mclass[39m=[32m"text-sm 
text-gray-600"[39m
                [36m>[39m
                  [0mNext Dose[0m
                [36m</p>[39m
                [36m<p[39m
                  
[33mclass[39m=[32m"text-2xl 
font-bold text-orange-600"[39m
                [36m>[39m
                  [0mNone[0m
                [36m</p>[39m
              [36m</div>[39m
            [36m</div>[39m
          [36m</div>[39m
          [36m<div[39m
            
[33mclass[39m=[32m"bg-white 
rounded-xl shadow-sm border 
border-gray-200 p-6"[39m
          [36m>[39m
            [36m<div[39m
              
[33mclass[39m=[32m"flex 
items-center space-x-3"[39m
            [36m>[39m
              [36m<svg[39m
                
[33mclass[39m=[32m"lucide 
lucide-calendar h-8 w-8 
text-purple-600"[39m
                
[33mfill[39m=[32m"none"[39m
                
[33mheight[39m=[32m"24"[39m
                [33mstroke[39m=[32
m"currentColor"[39m
                [33mstroke-linecap[
39m=[32m"round"[39m
                [33mstroke-linejoin
[39m=[32m"round"[39m
                
[33mstroke-width[39m=[32m"2"[39m
                
[33mviewBox[39m=[32m"0 0 24 
24"[39m
                
[33mwidth[39m=[32m"24"[39m
                [33mxmlns[39m=[32m
"http://www.w3.org/2000/svg"[39m
              [36m>[39m
                [36m<path[39m
                  
[33md[39m=[32m"M8 2v4"[39m
                [36m/>[39m
                [36m<path[39m
                  
[33md[39m=[32m"M16 2v4"[39m
                [36m/>[39m
                [36m<rect[39m
                  
[33mheight[39m=[32m"18"[39m
                  
[33mrx[39m=[32m"2"[39m
                  
[33mwidth[39m=[32m"18"[39m
                  
[33mx[39m=[32m"3"[39m
                  
[33my[39m=[32m"4"[39m
                [36m/>[39m
                [36m<path[39m
                  
[33md[39m=[32m"M3 10h18"[39m
                [36m/>[39m
              [36m</svg>[39m
              [36m<div>[39m
                [36m<p[39m
                  
[33mclass[39m=[32m"text-sm 
text-gray-600"[39m
                [36m>[39m
                  [0mDaily Doses[0m
                [36m</p>[39m
                [36m<p[39m
                  
[33mclass[39m=[32m"text-2xl 
font-bold text-purple-600"[39m
                [36m>[39m
                  [0m0[0m
                [36m</p>[39m
              [36m</div>[39m
            [36m</div>[39m
          [36m</div>[39m
        [36m</div>[39m
        [36m<div[39m
          
[33mclass[39m=[32m"space-y-6"[39m
        [36m/>[39m
      [36m</div>[39m
      [36m<div[39m
        [33mclass[39m=[32m"fixed 
top-20 right-4 z-50 space-y-2"[39m
      [36m/>[39m
    [36m</div>[39m
  [36m</body>[39m
[36m</html>[39m
[90m [2mΓ¥»[22m 
Proxy.waitForWrapper node_modules/@te
sting-library/dom/dist/wait-for.js:[
2m163:27[22m[39m
[36m [2mΓ¥»[22m src/test/component
s.test.tsx:[2m373:13[22m[39m
    [90m371| [39m      [34mrender
[39m([33m<[39m[33mMedications[39m
 [33m/[39m[33m>[39m)[33m;[39m
    [90m372| [39m      
    [90m373| [39m      
[35mawait[39m [34mwaitFor[39m(() 
[33m=>[39m {
    [90m   | [39m            
[31m^[39m
    [90m374| [39m        
expect(screen.getByText(/no 
medications added/i)).toBeInTheDocΓÇª
    [90m375| [39m      
})[33m;[39m

[31m[2mΓÄ»ΓÄ»ΓÄ»ΓÄ»ΓÄ»ΓÄ»ΓÄ»ΓÄ»ΓÄ»Γ
Ä»ΓÄ»ΓÄ»ΓÄ»ΓÄ»ΓÄ»ΓÄ»ΓÄ»ΓÄ»ΓÄ»ΓÄ»ΓÄ»ΓÄ
»ΓÄ»ΓÄ»[3/4]ΓÄ»[22m[39m

[41m[1m FAIL [22m[49m 
src/test/components.test.tsx[2m > 
[22mComponent Integration Tests[2m 
> [22mError Handling[2m > 
[22mshould handle authentication 
errors gracefully
[31m[1mTestingLibraryElementError[
22m[39m: Unable to find an element 
with the text: /invalid email or 
password/i. This could be because 
the text is broken up by multiple 
elements. In this case, you can 
provide a function for your text 
matcher to make your matcher more 
flexible.

Ignored nodes: comments, script, 
style
[36m<body[39m
  [33mstyle[39m=[32m""[39m
[36m>[39m
  [36m<div[39m
    [33maria-atomic[39m=[32m"true"
[39m
    [33maria-live[39m=[32m"polite"
[39m
    [33maria-relevant[39m=[32m"add
itions text"[39m
    
[33mclass[39m=[32m"sr-only"[39m
    [33mstyle[39m=[32m"position: 
absolute; width: 1px !important; 
height: 1px !important; padding: 0px 
!important; margin: -1px !important; 
overflow: hidden; clip: rect(0px, 
0px, 0px, 0px) !important; 
white-space: nowrap; border-width: 
0px !important; border-style: none 
!important; border-color: 
currentcolor !important; 
border-image: none;"[39m
  [36m/>[39m
  [36m<div>[39m
    [36m<div[39m
      [33mclass[39m=[32m"min-h-[ca
lc(100vh-120px)] flex items-center 
justify-center py-12 px-4 sm:px-6 
lg:px-8"[39m
    [36m>[39m
      [36m<div[39m
        
[33mclass[39m=[32m"max-w-md 
w-full space-y-8"[39m
      [36m>[39m
        [36m<div>[39m
          [36m<div[39m
            
[33mclass[39m=[32m"flex 
justify-center"[39m
          [36m>[39m
            [36m<svg[39m
              
[33mclass[39m=[32m"lucide 
lucide-heart h-12 w-12 
text-blue-600"[39m
              
[33mfill[39m=[32m"none"[39m
              
[33mheight[39m=[32m"24"[39m
              [33mstroke[39m=[32m"
currentColor"[39m
              [33mstroke-linecap[39
m=[32m"round"[39m
              [33mstroke-linejoin[3
9m=[32m"round"[39m
              
[33mstroke-width[39m=[32m"2"[39m
              
[33mviewBox[39m=[32m"0 0 24 
24"[39m
              
[33mwidth[39m=[32m"24"[39m
              [33mxmlns[39m=[32m"h
ttp://www.w3.org/2000/svg"[39m
            [36m>[39m
              [36m<path[39m
                
[33md[39m=[32m"M19 14c1.49-1.46 
3-3.21 3-5.5A5.5 5.5 0 0 0 16.5 
3c-1.76 0-3 .5-4.5 
2-1.5-1.5-2.74-2-4.5-2A5.5 5.5 0 0 0 
2 8.5c0 2.3 1.5 4.05 3 5.5l7 7Z"[39m
              [36m/>[39m
            [36m</svg>[39m
          [36m</div>[39m
          [36m<h2[39m
            
[33mclass[39m=[32m"mt-6 
text-center text-3xl font-extrabold 
text-gray-900"[39m
          [36m>[39m
            [0mSign in to your 
account[0m
          [36m</h2>[39m
          [36m<p[39m
            
[33mclass[39m=[32m"mt-2 
text-center text-sm 
text-gray-600"[39m
          [36m>[39m
            [0mOr[0m
            [0m [0m
            [36m<a[39m
              
[33mclass[39m=[32m"font-medium 
text-blue-600 hover:text-blue-500 
transition-colors"[39m
              [33mdata-discover[39m
=[32m"true"[39m
              
[33mhref[39m=[32m"/register"[39m
            [36m>[39m
              [0mcreate a new 
account[0m
            [36m</a>[39m
          [36m</p>[39m
        [36m</div>[39m
        [36m<div[39m
          
[33mclass[39m=[32m"bg-white 
rounded-xl shadow-md border 
border-gray-200 p-8"[39m
        [36m>[39m
          [36m<form[39m
            
[33mclass[39m=[32m"space-y-6"[39m
          [36m>[39m
            [36m<div>[39m
              [36m<label[39m
                
[33mclass[39m=[32m"block text-sm 
font-medium text-gray-700 mb-2"[39m
                
[33mfor[39m=[32m"email"[39m
              [36m>[39m
                [0mEmail Address[0m
              [36m</label>[39m
              [36m<div[39m
                
[33mclass[39m=[32m"relative"[39m
              [36m>[39m
                [36m<svg[39m
                  
[33mclass[39m=[32m"lucide 
lucide-mail absolute left-3 top-1/2 
transform -translate-y-1/2 h-5 w-5 
text-gray-400"[39m
                  
[33mfill[39m=[32m"none"[39m
                  
[33mheight[39m=[32m"24"[39m
                  [33mstroke[39m=[
32m"currentColor"[39m
                  [33mstroke-linecap
[39m=[32m"round"[39m
                  [33mstroke-linejoi
n[39m=[32m"round"[39m
                  
[33mstroke-width[39m=[32m"2"[39m
                  
[33mviewBox[39m=[32m"0 0 24 
24"[39m
                  
[33mwidth[39m=[32m"24"[39m
                  [33mxmlns[39m=[3
2m"http://www.w3.org/2000/svg"[39m
                [36m>[39m
                  [36m<rect[39m
                    
[33mheight[39m=[32m"16"[39m
                    
[33mrx[39m=[32m"2"[39m
                    
[33mwidth[39m=[32m"20"[39m
                    
[33mx[39m=[32m"2"[39m
                    
[33my[39m=[32m"4"[39m
                  [36m/>[39m
                  [36m<path[39m
                    
[33md[39m=[32m"m22 7-8.97 
5.7a1.94 1.94 0 0 1-2.06 0L2 7"[39m
                  [36m/>[39m
                [36m</svg>[39m
                [36m<input[39m
                  [33mautocomplete[
39m=[32m"email"[39m
                  
[33mclass[39m=[32m"pl-10 block 
w-full rounded-lg border 
border-gray-300 focus:ring-blue-500 
px-3 py-3 placeholder-gray-400 
focus:outline-none focus:ring-2 
focus:border-transparent"[39m
                  
[33mid[39m=[32m"email"[39m
                  
[33mname[39m=[32m"email"[39m
                  
[33mplaceholder[39m=[32m"Enter 
your email"[39m
                  
[33mtype[39m=[32m"email"[39m
                  [33mvalue[39m=[3
2m"test@test.com"[39m
                [36m/>[39m
              [36m</div>[39m
            [36m</div>[39m
            [36m<div>[39m
              [36m<label[39m
                
[33mclass[39m=[32m"block text-sm 
font-medium text-gray-700 mb-2"[39m
                
[33mfor[39m=[32m"password"[39m
              [36m>[39m
                [0mPassword[0m
              [36m</label>[39m
              [36m<div[39m
                
[33mclass[39m=[32m"relative"[39m
              [36m>[39m
                [36m<svg[39m
                  
[33mclass[39m=[32m"lucide 
lucide-lock absolute left-3 top-1/2 
transform -translate-y-1/2 h-5 w-5 
text-gray-400"[39m
                  
[33mfill[39m=[32m"none"[39m
                  
[33mheight[39m=[32m"24"[39m
                  [33mstroke[39m=[
32m"currentColor"[39m
                  [33mstroke-linecap
[39m=[32m"round"[39m
                  [33mstroke-linejoi
n[39m=[32m"round"[39m
                  
[33mstroke-width[39m=[32m"2"[39m
                  
[33mviewBox[39m=[32m"0 0 24 
24"[39m
                  
[33mwidth[39m=[32m"24"[39m
                  [33mxmlns[39m=[3
2m"http://www.w3.org/2000/svg"[39m
                [36m>[39m
                  [36m<rect[39m
                    
[33mheight[39m=[32m"11"[39m
                    
[33mrx[39m=[32m"2"[39m
                    
[33mry[39m=[32m"2"[39m
                    
[33mwidth[39m=[32m"18"[39m
                    
[33mx[39m=[32m"3"[39m
                    
[33my[39m=[32m"11"[39m
                  [36m/>[39m
                  [36m<path[39m
                    
[33md[39m=[32m"M7 11V7a5 5 0 0 1 
10 0v4"[39m
                  [36m/>[39m
                [36m</svg>[39m
                [36m<input[39m
                  [33mautocomplete[
39m=[32m"current-password"[39m
                  
[33mclass[39m=[32m"pl-10 pr-10 
block w-full rounded-lg border 
border-gray-300 focus:ring-blue-500 
px-3 py-3 placeholder-gray-400 
focus:outline-none focus:ring-2 
focus:border-transparent"[39m
                  
[33mid[39m=[32m"password"[39m
                  
[33mname[39m=[32m"password"[39m
                  
[33mplaceholder[39m=[32m"Enter 
your password"[39m
                  
[33mtype[39m=[32m"password"[39m
                  [33mvalue[39m=[3
2m"password123"[39m
                [36m/>[39m
                [36m<button[39m
                  
[33mclass[39m=[32m"absolute 
right-3 top-1/2 transform 
-translate-y-1/2 text-gray-400 
hover:text-gray-600"[39m
                  
[33mtype[39m=[32m"button"[39m
                [36m>[39m
                  [36m<svg[39m
                    
[33mclass[39m=[32m"lucide 
lucide-eye h-5 w-5"[39m
                    
[33mfill[39m=[32m"none"[39m
                    
[33mheight[39m=[32m"24"[39m
                    [33mstroke[39m=
[32m"currentColor"[39m
                    [33mstroke-linec
ap[39m=[32m"round"[39m
                    [33mstroke-linej
oin[39m=[32m"round"[39m
                    
[33mstroke-width[39m=[32m"2"[39m
                    
[33mviewBox[39m=[32m"0 0 24 
24"[39m
                    
[33mwidth[39m=[32m"24"[39m
                    [33mxmlns[39m=
[32m"http://www.w3.org/2000/svg"[39m
                  [36m>[39m
                    [36m<path[39m
                      
[33md[39m=[32m"M2 12s3-7 10-7 10 
7 10 7-3 7-10 7-10-7-10-7Z"[39m
                    [36m/>[39m
                    [36m<circle[39m
                      
[33mcx[39m=[32m"12"[39m
                      
[33mcy[39m=[32m"12"[39m
                      
[33mr[39m=[32m"3"[39m
                    [36m/>[39m
                  [36m</svg>[39m
                [36m</button>[39m
              [36m</div>[39m
            [36m</div>[39m
            [36m<div[39m
              
[33mclass[39m=[32m"flex 
items-center justify-between"[39m
            [36m>[39m
              [36m<div[39m
                
[33mclass[39m=[32m"flex 
items-center"[39m
              [36m>[39m
                [36m<input[39m
                  
[33mclass[39m=[32m"h-4 w-4 
text-blue-600 focus:ring-blue-500 
border-gray-300 rounded"[39m
                  
[33mid[39m=[32m"remember-me"[39m
                  [33mname[39m=[32
m"remember-me"[39m
                  
[33mtype[39m=[32m"checkbox"[39m
                [36m/>[39m
                [36m<label[39m
                  
[33mclass[39m=[32m"ml-2 block 
text-sm text-gray-700"[39m
                  
[33mfor[39m=[32m"remember-me"[39m
                [36m>[39m
                  [0mRemember me[0m
                [36m</label>[39m
              [36m</div>[39m
              [36m<div[39m
                
[33mclass[39m=[32m"text-sm"[39m
              [36m>[39m
                [36m<a[39m
                  
[33mclass[39m=[32m"font-medium 
text-blue-600 hover:text-blue-500 
transition-colors"[39m
                  
[33mhref[39m=[32m"#"[39m
                [36m>[39m
                  [0mForgot your 
password?[0m
                [36m</a>[39m
              [36m</div>[39m
            [36m</div>[39m
            [36m<button[39m
              
[33mclass[39m=[32m"group relative 
w-full flex justify-center py-3 px-4 
border border-transparent text-sm 
font-medium rounded-lg text-white 
bg-blue-600 hover:bg-blue-700 
focus:outline-none focus:ring-2 
focus:ring-offset-2 
focus:ring-blue-500 
disabled:opacity-50 
disabled:cursor-not-allowed 
transition-colors"[39m
              
[33mdisabled[39m=[32m""[39m
              
[33mtype[39m=[32m"submit"[39m
            [36m>[39m
              [36m<div[39m
                
[33mclass[39m=[32m"flex 
items-center space-x-2"[39m
              [36m>[39m
                [36m<div[39m
                  
[33mclass[39m=[32m"animate-spin 
rounded-full h-4 w-4 border-b-2 
border-white"[39m
                [36m/>[39m
                [36m<span>[39m
                  [0mSigning 
in...[0m
                [36m</span>[39m
              [36m</div>[39m
            [36m</button>[39m
          [36m</form>[39m
        [36m</div>[39m
      [36m</div>[39m
    [36m</div>[39m
    [36m<div[39m
      [33mclass[39m=[32m"fixed 
top-20 right-4 z-50 space-y-2"[39m
    [36m/>[39m
  [36m</div>[39m
[36m</body>[39m

Ignored nodes: comments, script, 
style
[36m<html>[39m
  [36m<head />[39m
  [36m<body[39m
    [33mstyle[39m=[32m""[39m
  [36m>[39m
    [36m<div[39m
      [33maria-atomic[39m=[32m"tru
e"[39m
      [33maria-live[39m=[32m"polit
e"[39m
      [33maria-relevant[39m=[32m"a
dditions text"[39m
      
[33mclass[39m=[32m"sr-only"[39m
      
[33mstyle[39m=[32m"position: 
absolute; width: 1px !important; 
height: 1px !important; padding: 0px 
!important; margin: -1px !important; 
overflow: hidden; clip: rect(0px, 
0px, 0px, 0px) !important; 
white-space: nowrap; border-width: 
0px !important; border-style: none 
!important; border-color: 
currentcolor !important; 
border-image: none;"[39m
    [36m/>[39m
    [36m<div>[39m
      [36m<div[39m
        [33mclass[39m=[32m"min-h-[
calc(100vh-120px)] flex items-center 
justify-center py-12 px-4 sm:px-6 
lg:px-8"[39m
      [36m>[39m
        [36m<div[39m
          
[33mclass[39m=[32m"max-w-md 
w-full space-y-8"[39m
        [36m>[39m
          [36m<div>[39m
            [36m<div[39m
              
[33mclass[39m=[32m"flex 
justify-center"[39m
            [36m>[39m
              [36m<svg[39m
                
[33mclass[39m=[32m"lucide 
lucide-heart h-12 w-12 
text-blue-600"[39m
                
[33mfill[39m=[32m"none"[39m
                
[33mheight[39m=[32m"24"[39m
                [33mstroke[39m=[32
m"currentColor"[39m
                [33mstroke-linecap[
39m=[32m"round"[39m
                [33mstroke-linejoin
[39m=[32m"round"[39m
                
[33mstroke-width[39m=[32m"2"[39m
                
[33mviewBox[39m=[32m"0 0 24 
24"[39m
                
[33mwidth[39m=[32m"24"[39m
                [33mxmlns[39m=[32m
"http://www.w3.org/2000/svg"[39m
              [36m>[39m
                [36m<path[39m
                  
[33md[39m=[32m"M19 14c1.49-1.46 
3-3.21 3-5.5A5.5 5.5 0 0 0 16.5 
3c-1.76 0-3 .5-4.5 
2-1.5-1.5-2.74-2-4.5-2A5.5 5.5 0 0 0 
2 8.5c0 2.3 1.5 4.05 3 5.5l7 7Z"[39m
                [36m/>[39m
              [36m</svg>[39m
            [36m</div>[39m
            [36m<h2[39m
              
[33mclass[39m=[32m"mt-6 
text-center text-3xl font-extrabold 
text-gray-900"[39m
            [36m>[39m
              [0mSign in to your 
account[0m
            [36m</h2>[39m
            [36m<p[39m
              
[33mclass[39m=[32m"mt-2 
text-center text-sm 
text-gray-600"[39m
            [36m>[39m
              [0mOr[0m
              [0m [0m
              [36m<a[39m
                
[33mclass[39m=[32m"font-medium 
text-blue-600 hover:text-blue-500 
transition-colors"[39m
                [33mdata-discover[3
9m=[32m"true"[39m
                
[33mhref[39m=[32m"/register"[39m
              [36m>[39m
                [0mcreate a new 
account[0m
              [36m</a>[39m
            [36m</p>[39m
          [36m</div>[39m
          [36m<div[39m
            
[33mclass[39m=[32m"bg-white 
rounded-xl shadow-md border 
border-gray-200 p-8"[39m
          [36m>[39m
            [36m<form[39m
              
[33mclass[39m=[32m"space-y-6"[39m
            [36m>[39m
              [36m<div>[39m
                [36m<label[39m
                  
[33mclass[39m=[32m"block text-sm 
font-medium text-gray-700 mb-2"[39m
                  
[33mfor[39m=[32m"email"[39m
                [36m>[39m
                  [0mEmail 
Address[0m
                [36m</label>[39m
                [36m<div[39m
                  
[33mclass[39m=[32m"relative"[39m
                [36m>[39m
                  [36m<svg[39m
                    
[33mclass[39m=[32m"lucide 
lucide-mail absolute left-3 top-1/2 
transform -translate-y-1/2 h-5 w-5 
text-gray-400"[39m
                    
[33mfill[39m=[32m"none"[39m
                    
[33mheight[39m=[32m"24"[39m
                    [33mstroke[39m=
[32m"currentColor"[39m
                    [33mstroke-linec
ap[39m=[32m"round"[39m
                    [33mstroke-linej
oin[39m=[32m"round"[39m
                    
[33mstroke-width[39m=[32m"2"[39m
                    
[33mviewBox[39m=[32m"0 0 24 
24"[39m
                    
[33mwidth[39m=[32m"24"[39m
                    [33mxmlns[39m=
[32m"http://www.w3.org/2000/svg"[39m
                  [36m>[39m
                    [36m<rect[39m
                      
[33mheight[39m=[32m"16"[39m
                      
[33mrx[39m=[32m"2"[39m
                      
[33mwidth[39m=[32m"20"[39m
                      
[33mx[39m=[32m"2"[39m
                      
[33my[39m=[32m"4"[39m
                    [36m/>[39m
                    [36m<path[39m
                      
[33md[39m=[32m"m22 7-8.97 
5.7a1.94 1.94 0 0 1-2.06 0L2 7"[39m
                    [36m/>[39m
                  [36m</svg>[39m
                  [36m<input[39m
                    [33mautocomplete
[39m=[32m"email"[39m
                    
[33mclass[39m=[32m"pl-10 block 
w-full rounded-lg border 
border-gray-300 focus:ring-blue-500 
px-3 py-3 placeholder-gray-400 
focus:outline-none focus:ring-2 
focus:border-transparent"[39m
                    
[33mid[39m=[32m"email"[39m
                    
[33mname[39m=[32m"email"[39m
                    
[33mplaceholder[39m=[32m"Enter 
your email"[39m
                    
[33mtype[39m=[32m"email"[39m
                    [33mvalue[39m=
[32m"test@test.com"[39m
                  [36m/>[39m
                [36m</div>[39m
              [36m</div>[39m
              [36m<div>[39m
                [36m<label[39m
                  
[33mclass[39m=[32m"block text-sm 
font-medium text-gray-700 mb-2"[39m
                  
[33mfor[39m=[32m"password"[39m
                [36m>[39m
                  [0mPassword[0m
                [36m</label>[39m
                [36m<div[39m
                  
[33mclass[39m=[32m"relative"[39m
                [36m>[39m
                  [36m<svg[39m
                    
[33mclass[39m=[32m"lucide 
lucide-lock absolute left-3 top-1/2 
transform -translate-y-1/2 h-5 w-5 
text-gray-400"[39m
                    
[33mfill[39m=[32m"none"[39m
                    
[33mheight[39m=[32m"24"[39m
                    [33mstroke[39m=
[32m"currentColor"[39m
                    [33mstroke-linec
ap[39m=[32m"round"[39m
                    [33mstroke-linej
oin[39m=[32m"round"[39m
                    
[33mstroke-width[39m=[32m"2"[39m
                    
[33mviewBox[39m=[32m"0 0 24 
24"[39m
                    
[33mwidth[39m=[32m"24"[39m
                    [33mxmlns[39m=
[32m"http://www.w3.org/2000/svg"[39m
                  [36m>[39m
                    [36m<rect[39m
                      
[33mheight[39m=[32m"11"[39m
                      
[33mrx[39m=[32m"2"[39m
                      
[33mry[39m=[32m"2"[39m
                      
[33mwidth[39m=[32m"18"[39m
                      
[33mx[39m=[32m"3"[39m
                      
[33my[39m=[32m"11"[39m
                    [36m/>[39m
                    [36m<path[39m
                      
[33md[39m=[32m"M7 11V7a5 5 0 0 1 
10 0v4"[39m
                    [36m/>[39m
                  [36m</svg>[39m
                  [36m<input[39m
                    [33mautocomplete
[39m=[32m"current-password"[39m
                    
[33mclass[39m=[32m"pl-10 pr-10 
block w-full rounded-lg border 
border-gray-300 focus:ring-blue-500 
px-3 py-3 placeholder-gray-400 
focus:outline-none focus:ring-2 
focus:border-transparent"[39m
                    
[33mid[39m=[32m"password"[39m
                    
[33mname[39m=[32m"password"[39m
                    
[33mplaceholder[39m=[32m"Enter 
your password"[39m
                    
[33mtype[39m=[32m"password"[39m
                    [33mvalue[39m=
[32m"password123"[39m
                  [36m/>[39m
                  [36m<button[39m
                    
[33mclass[39m=[32m"absolute 
right-3 top-1/2 transform 
-translate-y-1/2 text-gray-400 
hover:text-gray-600"[39m
                    
[33mtype[39m=[32m"button"[39m
                  [36m>[39m
                    [36m<svg[39m
                      
[33mclass[39m=[32m"lucide 
lucide-eye h-5 w-5"[39m
                      
[33mfill[39m=[32m"none"[39m
                      
[33mheight[39m=[32m"24"[39m
                      [33mstroke[39
m=[32m"currentColor"[39m
                      [33mstroke-lin
ecap[39m=[32m"round"[39m
                      [33mstroke-lin
ejoin[39m=[32m"round"[39m
                      
[33mstroke-width[39m=[32m"2"[39m
                      
[33mviewBox[39m=[32m"0 0 24 
24"[39m
                      
[33mwidth[39m=[32m"24"[39m
                      [33mxmlns[39m
=[32m"http://www.w3.org/2000/svg"[3
9m
                    [36m>[39m
                      [36m<path[39m
                        
[33md[39m=[32m"M2 12s3-7 10-7 10 
7 10 7-3 7-10 7-10-7-10-7Z"[39m
                      [36m/>[39m
                      
[36m<circle[39m
                        
[33mcx[39m=[32m"12"[39m
                        
[33mcy[39m=[32m"12"[39m

[2m Test Files [22m [1m[31m1 failed[39m[22m[90m (1)[39m
[2m      Tests [22m [1m[31m4 failed[39m[22m[2m | [22m[1m[32m20 passed[39m[22m[90m (24)[39m
[2m   Start at [22m 19:49:11
[2m   Duration [22m 11.41s[2m (transform 455ms, setup 150ms, collect 1.34s, tests 8.06s, environment 1.03s, prepare 387ms)[22m

                        
[33mr[39m=[32m"3"[39m
                      [36m/>[39m
                    [36m</svg>[39m
                  [36m</button>[39m
                [36m</div>[39m
              [36m</div>[39m
              [36m<div[39m
                
[33mclass[39m=[32m"flex 
items-center justify-between"[39m
              [36m>[39m
                [36m<div[39m
                  
[33mclass[39m=[32m"flex 
items-center"[39m
                [36m>[39m
                  [36m<input[39m
                    
[33mclass[39m=[32m"h-4 w-4 
text-blue-600 focus:ring-blue-500 
border-gray-300 rounded"[39m
                    
[33mid[39m=[32m"remember-me"[39m
                    [33mname[39m=[
32m"remember-me"[39m
                    
[33mtype[39m=[32m"checkbox"[39m
                  [36m/>[39m
                  [36m<label[39m
                    
[33mclass[39m=[32m"ml-2 block 
text-sm text-gray-700"[39m
                    
[33mfor[39m=[32m"remember-me"[39m
                  [36m>[39m
                    [0mRemember 
me[0m
                  [36m</label>[39m
                [36m</div>[39m
                [36m<div[39m
                  
[33mclass[39m=[32m"text-sm"[39m
                [36m>[39m
                  [36m<a[39m
                    
[33mclass[39m=[32m"font-medium 
text-blue-600 hover:text-blue-500 
transition-colors"[39m
                    
[33mhref[39m=[32m"#"[39m
                  [36m>[39m
                    [0mForgot your 
password?[0m
                  [36m</a>[39m
                [36m</div>[39m
              [36m</div>[39m
              [36m<button[39m
                
[33mclass[39m=[32m"group relative 
w-full flex justify-center py-3 px-4 
border border-transparent text-sm 
font-medium rounded-lg text-white 
bg-blue-600 hover:bg-blue-700 
focus:outline-none focus:ring-2 
focus:ring-offset-2 
focus:ring-blue-500 
disabled:opacity-50 
disabled:cursor-not-allowed 
transition-colors"[39m
                
[33mdisabled[39m=[32m""[39m
                
[33mtype[39m=[32m"submit"[39m
              [36m>[39m
                [36m<div[39m
                  
[33mclass[39m=[32m"flex 
items-center space-x-2"[39m
                [36m>[39m
                  [36m<div[39m
                    
[33mclass[39m=[32m"animate-spin 
rounded-full h-4 w-4 border-b-2 
border-white"[39m
                  [36m/>[39m
                  [36m<span>[39m
                    [0mSigning 
in...[0m
                  [36m</span>[39m
                [36m</div>[39m
              [36m</button>[39m
            [36m</form>[39m
          [36m</div>[39m
        [36m</div>[39m
      [36m</div>[39m
      [36m<div[39m
        [33mclass[39m=[32m"fixed 
top-20 right-4 z-50 space-y-2"[39m
      [36m/>[39m
    [36m</div>[39m
  [36m</body>[39m
[36m</html>[39m
[90m [2mΓ¥»[22m 
Proxy.waitForWrapper node_modules/@te
sting-library/dom/dist/wait-for.js:[
2m163:27[22m[39m
[36m [2mΓ¥»[22m src/test/component
s.test.tsx:[2m413:13[22m[39m
    [90m411| [39m      
[35mawait[39m user[33m.[39m[34mc
lick[39m(submitButton)[33m;[39m
    [90m412| [39m      
    [90m413| [39m      
[35mawait[39m [34mwaitFor[39m(() 
[33m=>[39m {
    [90m   | [39m            
[31m^[39m
    [90m414| [39m        
expect(screen.getByText(/invalid 
email or password/i)).toBeInTΓÇª
    [90m415| [39m      
})[33m;[39m

[31m[2mΓÄ»ΓÄ»ΓÄ»ΓÄ»ΓÄ»ΓÄ»ΓÄ»ΓÄ»ΓÄ»Γ
Ä»ΓÄ»ΓÄ»ΓÄ»ΓÄ»ΓÄ»ΓÄ»ΓÄ»ΓÄ»ΓÄ»ΓÄ»ΓÄ»ΓÄ
»ΓÄ»ΓÄ»[4/4]ΓÄ»[22m[39m

